
Allocating common symbols
Common symbol       size              file

pwd_dentry          0x4               kernel/vfs/vfs.o
p                   0x4               kernel/pc/sched.o
MBR                 0x4               kernel/vfs/vfs.o
interrupts          0x20              arch/mips32/intr.o
tasks               0x8               kernel/pc/sched.o
my_cfs_rq           0x38              kernel/pc/sched.o
kernel_start_pfn    0x4               kernel/mm/mybuddy.o
dir_data_buf        0x820             kernel/fs/fat/fat.o
cursor_col          0x4               kernel/driver/vga.o
shell               0x4               kernel/pc/sched.o
root_dentry         0x4               kernel/vfs/vfs.o
cursor_location     0x4               usr/myvi.o
tempp               0x4               kernel/vfs/fat32.o
bootmmmap           0x8000            kernel/mm/mybootmm.o
fat_info            0x418             kernel/fs/fat/fat.o
file_create         0x4150            kernel/fs/fat/usr.o
last_pid            0x4               kernel/pc/pid.o
root_mnt            0x4               kernel/vfs/vfs.o
is_new_file         0x4               usr/myvi.o
syscalls            0x400             kernel/syscall/syscall.o
bmm                 0x90              kernel/mm/mybootmm.o
cursor_row          0x4               kernel/driver/vga.o
page_end            0x4               usr/myvi.o
filename            0x4               usr/myvi.o
ps_buffer_index     0x4               usr/ps.o
pwd_mnt             0x4               kernel/vfs/vfs.o
file                0x4150            usr/exec.o
dcache              0x4               kernel/vfs/vfscache.o
firstusercode_start
                    0x4               kernel/mm/mybootmm.o
filename11          0xd               kernel/fs/fat/fat.o
mode                0x4               usr/myvi.o
pcache              0x4               kernel/vfs/vfscache.o
wait                0x8               kernel/pc/sched.o
buffer              0x1000            usr/myvi.o
idle_task           0x4               kernel/pc/sched.o
mk_dir_buf          0x20              kernel/fs/fat/usr.o
exited              0x8               kernel/pc/sched.o
err                 0x4               usr/myvi.o
new_alloc_empty     0x1000            kernel/fs/fat/fat.o
pre_cursor_freq     0x4               usr/myvi.o
pid_map             0x1004            kernel/pc/pid.o
lk                  0xc               usr/ps.o
exceptions          0x80              arch/mips32/exc.o
kernel_end_pfn      0x4               kernel/mm/mybuddy.o
buddy               0x78              kernel/mm/mybuddy.o
firstusercode_len   0x4               kernel/mm/mybootmm.o
dir_find            0x4150            kernel/fs/fat/dir.o
fat_buf             0x410             kernel/fs/fat/fat.o
icache              0x4               kernel/vfs/vfscache.o
pages               0x4               kernel/mm/mybuddy.o
kmalloc_caches      0x390             kernel/mm/myslab.o
ps_buffer           0x40              usr/ps.o

Discarded input sections

 .reginfo       0x0000000000000000       0x18 arch/mips32/start.o
 .reginfo       0x0000000000000000       0x18 arch/mips32/arch.o
 .MIPS.abiflags
                0x0000000000000000       0x18 arch/mips32/arch.o
 .reginfo       0x0000000000000000       0x18 arch/mips32/exc.o
 .MIPS.abiflags
                0x0000000000000000       0x18 arch/mips32/exc.o
 .reginfo       0x0000000000000000       0x18 arch/mips32/intr.o
 .MIPS.abiflags
                0x0000000000000000       0x18 arch/mips32/intr.o
 .reginfo       0x0000000000000000       0x18 arch/mips32/page.o
 .MIPS.abiflags
                0x0000000000000000       0x18 arch/mips32/page.o
 .reginfo       0x0000000000000000       0x18 kernel/driver/ps2.o
 .MIPS.abiflags
                0x0000000000000000       0x18 kernel/driver/ps2.o
 .reginfo       0x0000000000000000       0x18 kernel/driver/sd.o
 .MIPS.abiflags
                0x0000000000000000       0x18 kernel/driver/sd.o
 .reginfo       0x0000000000000000       0x18 kernel/driver/vga.o
 .MIPS.abiflags
                0x0000000000000000       0x18 kernel/driver/vga.o
 .reginfo       0x0000000000000000       0x18 kernel/fs/fat/debug.o
 .MIPS.abiflags
                0x0000000000000000       0x18 kernel/fs/fat/debug.o
 .reginfo       0x0000000000000000       0x18 kernel/fs/fat/dir.o
 .MIPS.abiflags
                0x0000000000000000       0x18 kernel/fs/fat/dir.o
 .reginfo       0x0000000000000000       0x18 kernel/fs/fat/fat.o
 .MIPS.abiflags
                0x0000000000000000       0x18 kernel/fs/fat/fat.o
 .reginfo       0x0000000000000000       0x18 kernel/fs/fat/usr.o
 .MIPS.abiflags
                0x0000000000000000       0x18 kernel/fs/fat/usr.o
 .reginfo       0x0000000000000000       0x18 kernel/fs/fat/utils.o
 .MIPS.abiflags
                0x0000000000000000       0x18 kernel/fs/fat/utils.o
 .reginfo       0x0000000000000000       0x18 kernel/fs/fscache/fscache.o
 .MIPS.abiflags
                0x0000000000000000       0x18 kernel/fs/fscache/fscache.o
 .reginfo       0x0000000000000000       0x18 kernel/init.o
 .MIPS.abiflags
                0x0000000000000000       0x18 kernel/init.o
 .reginfo       0x0000000000000000       0x18 kernel/lock/lock.o
 .MIPS.abiflags
                0x0000000000000000       0x18 kernel/lock/lock.o
 .reginfo       0x0000000000000000       0x18 kernel/mm/mybootmm.o
 .MIPS.abiflags
                0x0000000000000000       0x18 kernel/mm/mybootmm.o
 .reginfo       0x0000000000000000       0x18 kernel/mm/mybuddy.o
 .MIPS.abiflags
                0x0000000000000000       0x18 kernel/mm/mybuddy.o
 .reginfo       0x0000000000000000       0x18 kernel/mm/myslab.o
 .MIPS.abiflags
                0x0000000000000000       0x18 kernel/mm/myslab.o
 .reginfo       0x0000000000000000       0x18 kernel/pc/pid.o
 .MIPS.abiflags
                0x0000000000000000       0x18 kernel/pc/pid.o
 .reginfo       0x0000000000000000       0x18 kernel/pc/rbtree.o
 .MIPS.abiflags
                0x0000000000000000       0x18 kernel/pc/rbtree.o
 .reginfo       0x0000000000000000       0x18 kernel/pc/sched.o
 .MIPS.abiflags
                0x0000000000000000       0x18 kernel/pc/sched.o
 .reginfo       0x0000000000000000       0x18 kernel/pc/sched_fair.o
 .MIPS.abiflags
                0x0000000000000000       0x18 kernel/pc/sched_fair.o
 .reginfo       0x0000000000000000       0x18 kernel/pc/switch.o
 .MIPS.abiflags
                0x0000000000000000       0x18 kernel/pc/switch.o
 .reginfo       0x0000000000000000       0x18 kernel/syscall/syscall.o
 .MIPS.abiflags
                0x0000000000000000       0x18 kernel/syscall/syscall.o
 .reginfo       0x0000000000000000       0x18 kernel/syscall/syscall4.o
 .MIPS.abiflags
                0x0000000000000000       0x18 kernel/syscall/syscall4.o
 .reginfo       0x0000000000000000       0x18 kernel/time/time.o
 .MIPS.abiflags
                0x0000000000000000       0x18 kernel/time/time.o
 .reginfo       0x0000000000000000       0x18 kernel/vfs/ext2.o
 .MIPS.abiflags
                0x0000000000000000       0x18 kernel/vfs/ext2.o
 .reginfo       0x0000000000000000       0x18 kernel/vfs/fat32.o
 .MIPS.abiflags
                0x0000000000000000       0x18 kernel/vfs/fat32.o
 .reginfo       0x0000000000000000       0x18 kernel/vfs/mount.o
 .MIPS.abiflags
                0x0000000000000000       0x18 kernel/vfs/mount.o
 .reginfo       0x0000000000000000       0x18 kernel/vfs/open.o
 .MIPS.abiflags
                0x0000000000000000       0x18 kernel/vfs/open.o
 .reginfo       0x0000000000000000       0x18 kernel/vfs/read_write.o
 .MIPS.abiflags
                0x0000000000000000       0x18 kernel/vfs/read_write.o
 .reginfo       0x0000000000000000       0x18 kernel/vfs/usr.o
 .MIPS.abiflags
                0x0000000000000000       0x18 kernel/vfs/usr.o
 .reginfo       0x0000000000000000       0x18 kernel/vfs/utils.o
 .MIPS.abiflags
                0x0000000000000000       0x18 kernel/vfs/utils.o
 .reginfo       0x0000000000000000       0x18 kernel/vfs/vfs.o
 .MIPS.abiflags
                0x0000000000000000       0x18 kernel/vfs/vfs.o
 .reginfo       0x0000000000000000       0x18 kernel/vfs/vfscache.o
 .MIPS.abiflags
                0x0000000000000000       0x18 kernel/vfs/vfscache.o
 .reginfo       0x0000000000000000       0x18 kernel/vm/tlb.o
 .MIPS.abiflags
                0x0000000000000000       0x18 kernel/vm/tlb.o
 .reginfo       0x0000000000000000       0x18 kernel/vm/vm.o
 .MIPS.abiflags
                0x0000000000000000       0x18 kernel/vm/vm.o
 .reginfo       0x0000000000000000       0x18 utils/assert.o
 .MIPS.abiflags
                0x0000000000000000       0x18 utils/assert.o
 .reginfo       0x0000000000000000       0x18 utils/log.o
 .MIPS.abiflags
                0x0000000000000000       0x18 utils/log.o
 .reginfo       0x0000000000000000       0x18 utils/utils.o
 .MIPS.abiflags
                0x0000000000000000       0x18 utils/utils.o
 .reginfo       0x0000000000000000       0x18 usr/exec.o
 .MIPS.abiflags
                0x0000000000000000       0x18 usr/exec.o
 .reginfo       0x0000000000000000       0x18 usr/ls.o
 .MIPS.abiflags
                0x0000000000000000       0x18 usr/ls.o
 .reginfo       0x0000000000000000       0x18 usr/myvi.o
 .MIPS.abiflags
                0x0000000000000000       0x18 usr/myvi.o
 .reginfo       0x0000000000000000       0x18 usr/ps.o
 .MIPS.abiflags
                0x0000000000000000       0x18 usr/ps.o

Memory Configuration

Name             Origin             Length             Attributes
*default*        0x0000000000000000 0xffffffffffffffff

Linker script and memory map

                0x0000000080020000                . = 0x80020000

.interp
 *(.interp)

.gnu.version
 *(.gnu.version)

.gnu.version_d
 *(.gnu.version_d)

.gnu.version_r
 *(.gnu.version_r)

.rel.dyn        0x0000000080020000        0x0
 .rel.dyn       0x0000000080020000        0x0 kernel/vfs/ext2.o

.rel.init
 *(.rel.init)

.rela.init
 *(.rela.init)

.rel.text
 *(.rel.text)
 *(.rel.text.*)
 *(.rel.gnu.linkonce.t*)

.rela.text
 *(.rela.text)
 *(.rela.text.*)
 *(.rela.gnu.linkonce.t*)

.rel.fini
 *(.rel.fini)

.rela.fini
 *(.rela.fini)

.rel.rodata
 *(.rel.rodata)
 *(.rel.rodata.*)
 *(.rel.gnu.linkonce.r*)

.rela.rodata
 *(.rela.rodata)
 *(.rela.rodata.*)
 *(.rela.gnu.linkonce.r*)

.rel.data
 *(.rel.data)
 *(.rel.data.*)
 *(.rel.gnu.linkonce.d*)

.rela.data
 *(.rela.data)
 *(.rela.data.*)
 *(.rela.gnu.linkonce.d*)

.rel.ctors
 *(.rel.ctors)

.rela.ctors
 *(.rela.ctors)

.rel.dtors
 *(.rel.dtors)

.rela.dtors
 *(.rela.dtors)

.rel.got
 *(.rel.got)

.rela.got
 *(.rela.got)

.rel.sdata
 *(.rel.sdata)
 *(.rel.sdata1)
 *(.rel.sdata.*)
 *(.rel.gnu.linkonce.s*)

.rela.sdata
 *(.rela.sdata)
 *(.rela.sdata1)
 *(.rela.sdata.*)
 *(.rela.gnu.linkonce.s*)

.rel.sbss
 *(.rel.sbss)

.rela.sbss
 *(.rela.sbss)

.rel.sdata2
 *(.rel.sdata2)

.rela.sdata2
 *(.rela.sdata2)

.rel.sbss2
 *(.rel.sbss2)

.rela.sbss2
 *(.rela.sbss2)

.rel.bss
 *(.rel.bss)

.rela.bss
 *(.rela.bss)

.rel.plt
 *(.rel.plt)

.rela.plt
 *(.rela.plt)

.plt
 *(.plt)
                0x0000000080000000                . = 0x80000000

.text           0x0000000080000000    0x1f980
                0x0000000080000000                _ftext = .
 *(.text)
 .text          0x0000000080000000     0x1014 arch/mips32/start.o
                0x0000000080000000                exception
                0x00000000800002d0                restore_context
                0x0000000080001000                start
 .text          0x0000000080001014       0x24 arch/mips32/arch.o
                0x0000000080001014                get_phymm_size
 .text          0x0000000080001038      0xb08 arch/mips32/exc.o
                0x0000000080001038                _do_page_fault
                0x000000008000116c                tlb_load
                0x0000000080001350                tlb_refill
                0x0000000080001984                do_exceptions
                0x0000000080001abc                register_exception_handler
                0x0000000080001b10                init_exception
 .text          0x0000000080001b40      0x200 arch/mips32/intr.o
                0x0000000080001b40                init_interrupts
                0x0000000080001b78                enable_interrupts
                0x0000000080001bb4                disable_interrupts
                0x0000000080001bf4                do_interrupts
                0x0000000080001cc8                register_interrupt_handler
 .text          0x0000000080001d40       0x64 arch/mips32/page.o
                0x0000000080001d40                init_pgtable
 .text          0x0000000080001da4      0x5d4 kernel/driver/ps2.o
                0x0000000080001da4                init_buffer
                0x0000000080001e2c                init_ps2
                0x0000000080001e88                ps2_handler
                0x0000000080002184                kernel_getkey
                0x0000000080002234                kernel_scantoascii
                0x00000000800022d8                sleep
                0x0000000080002318                kernel_getchar
 .text          0x0000000080002378      0x490 kernel/driver/sd.o
                0x0000000080002428                sd_read_sector_blocking
                0x0000000080002560                sd_write_sector_blocking
                0x00000000800026a0                sd_read_block
                0x0000000080002754                sd_write_block
 .text          0x0000000080002808      0x9a8 kernel/driver/vga.o
                0x0000000080002808                kernel_set_cursor
                0x0000000080002860                init_vga
                0x00000000800028b4                kernel_clear_screen
                0x000000008000292c                kernel_scroll_screen
                0x00000000800029cc                kernel_putchar_at
                0x0000000080002a78                kernel_putchar
                0x0000000080002c64                kernel_puts
                0x0000000080002ce8                kernel_putint
                0x0000000080002e48                kernel_putintx
                0x0000000080002f10                kernel_vprintf
                0x000000008000314c                kernel_printf
 .text          0x00000000800031b0        0x0 kernel/fs/fat/debug.o
 .text          0x00000000800031b0      0x640 kernel/fs/fat/dir.o
                0x00000000800031b0                fs_open_dir
                0x000000008000340c                fs_read_dir
 .text          0x00000000800037f0     0x2d2c kernel/fs/fat/fat.o
                0x00000000800037f0                init_fat_info
                0x0000000080003b28                init_fat_buf
                0x0000000080003bc4                init_dir_buf
                0x0000000080003c60                init_fs
                0x0000000080003cd8                write_fat_sector
                0x0000000080003eb0                read_fat_sector
                0x0000000080004084                fs_next_slash
                0x000000008000431c                fs_cmp_filename
                0x00000000800043a4                fs_find
                0x00000000800048a8                fs_open
                0x0000000080004a3c                fs_fflush
                0x0000000080004bb0                fs_close
                0x0000000080004d54                fs_read
                0x0000000080005114                fs_next_free
                0x00000000800051e4                fs_alloc
                0x00000000800053cc                fs_write
                0x0000000080005a04                fs_lseek
                0x0000000080005a70                fs_find_empty_entry
                0x0000000080005ddc                fs_create_with_attr
                0x0000000080006238                fs_create
                0x0000000080006274                get_filename
 .text          0x000000008000651c      0x7f0 kernel/fs/fat/usr.o
                0x000000008000651c                fs_rm
                0x0000000080006660                fs_mv
                0x0000000080006870                fs_mkdir
                0x0000000080006c14                fs_cat
 .text          0x0000000080006d0c      0x468 kernel/fs/fat/utils.o
                0x0000000080006d0c                fs_wa
                0x0000000080006d68                get_entry_filesize
                0x0000000080006da8                get_entry_attr
                0x0000000080006dd8                get_start_cluster
                0x0000000080006e14                get_fat_entry_value
                0x0000000080006ee4                fs_modify_fat
                0x0000000080007028                cluster_to_fat_entry
                0x00000000800070a4                fs_dataclus2sec
                0x000000008000710c                fs_sec2dataclus
 .text          0x0000000080007174      0xcd8 kernel/fs/fscache/fscache.o
                0x0000000080007174                fs_victim_4k
                0x00000000800073c8                fs_write_4k
                0x0000000080007480                fs_read_4k
                0x00000000800076a4                fs_clr_4k
                0x00000000800077f8                fs_victim_512
                0x0000000080007a4c                fs_write_512
                0x0000000080007af8                fs_read_512
                0x0000000080007d0c                fs_clr_512
 .text          0x0000000080007e4c      0x248 kernel/init.o
                0x0000000080007e4c                machine_info
                0x0000000080007ed8                init_kernel
 .text          0x0000000080008094      0x150 kernel/lock/lock.o
                0x00000000800080d4                init_lock
                0x0000000080008120                lockup
                0x000000008000817c                unlock
 .text          0x00000000800081e4     0x102c kernel/mm/mybootmm.o
                0x00000000800081e4                set_mminfo
                0x000000008000823c                insert_mminfo
                0x00000000800085a4                split_mminfo
                0x0000000080008794                remove_mminfo
                0x000000008000889c                init_bootmm
                0x00000000800089f0                set_maps
                0x0000000080008a6c                find_pages
                0x0000000080008c54                bootmm_alloc_pages
                0x0000000080008dac                bootmap_info
                0x0000000080008eb8                bootmm_free_pages
 .text          0x0000000080009210      0xc44 kernel/mm/mybuddy.o
                0x00000000800093dc                buddy_info
                0x00000000800094d8                init_pages
                0x0000000080009614                init_buddy
                0x00000000800098c0                __free_pages
                0x0000000080009b50                __alloc_pages
                0x0000000080009d34                alloc_pages
                0x0000000080009df0                free_pages
 .text          0x0000000080009e54     0x1660 kernel/mm/myslab.o
                0x000000008000a090                slab_info
                0x000000008000a188                kmem_cache_number
                0x000000008000a4b0                init_kmem_cpu
                0x000000008000a4e8                init_kmem_list3
                0x000000008000a558                init_kcache
                0x000000008000a650                init_slab
                0x000000008000a78c                slab_alloc
                0x000000008000aa10                slab_free
                0x000000008000abd4                get_cache
                0x000000008000acf0                get_cache_with_create
                0x000000008000adac                phy_kmalloc_without_create_cache
                0x000000008000aec0                phy_kmalloc_with_create_cache
                0x000000008000af98                kmalloc
                0x000000008000b010                kfree
                0x000000008000b0d0                kmem_cache_create
                0x000000008000b234                obj_cache_delete
                0x000000008000b2f4                kmem_cache_delete
                0x000000008000b374                kmalloc_object_pool
                0x000000008000b3f4                kfree_object_pool
 .text          0x000000008000b4b4      0x9dc kernel/pc/pid.o
                0x000000008000b7a8                pidmap_init
                0x000000008000b834                find_next_zero_bit
                0x000000008000b8e0                test_and_set_bit
                0x000000008000b968                alloc_pidmap
                0x000000008000ba38                clear_bit
                0x000000008000bab4                free_pidmap
                0x000000008000bb18                pidhash_initial
                0x000000008000bb88                find_pid
                0x000000008000bc4c                find_task_by_pid
                0x000000008000bca8                attach_pid
                0x000000008000bd7c                detach_pid
 .text          0x000000008000be90     0x104c kernel/pc/rbtree.o
                0x000000008000c13c                rb_insert_color
                0x000000008000c840                rb_erase
                0x000000008000cb44                rb_first
                0x000000008000cbac                rb_last
                0x000000008000cc14                rb_next
                0x000000008000ccf0                rb_prev
                0x000000008000cdcc                rb_replace_node
 .text          0x000000008000cedc     0x23d0 kernel/pc/sched.o
                0x000000008000d82c                testtest
                0x000000008000dc5c                sched_init
                0x000000008000de98                scheduler_tick
                0x000000008000df14                task_fork
                0x000000008000e138                test_vm
                0x000000008000e290                test_vma
                0x000000008000e454                loop
                0x000000008000e4ec                testwait
                0x000000008000e558                test
                0x000000008000e6d4                execkwait
                0x000000008000e72c                execk
                0x000000008000e7f4                execvm
                0x000000008000e934                do_exit
                0x000000008000eb20                pc_kill
                0x000000008000ec90                waitpid
                0x000000008000ede0                print_info
                0x000000008000f0f4                sys_prioiry
                0x000000008000f1c0                sys_prioiry_pid
 .text          0x000000008000f2ac     0x1260 kernel/pc/sched_fair.o
                0x000000008000fd04                enqueue_task_fair
                0x0000000080010188                check_preempt_wakeup
                0x000000008001024c                task_new_fair
                0x0000000080010358                task_tick_fair
                0x00000000800103c0                put_prev_task_fair
                0x0000000080010428                pick_next_task_fair
                0x0000000080010494                dequeu_task_fair
 .text          0x000000008001050c      0x130 kernel/pc/switch.o
                0x000000008001050c                switch_ex
                0x00000000800105a8                switch_wa
 .text          0x000000008001063c      0x14c kernel/syscall/syscall.o
                0x000000008001063c                init_syscall
                0x0000000080010690                syscall
                0x0000000080010734                register_syscall
 .text          0x0000000080010788       0x70 kernel/syscall/syscall4.o
                0x0000000080010788                syscall4
 .text          0x00000000800107f8      0x4c0 kernel/time/time.o
                0x00000000800107f8                get_time_string
                0x0000000080010b20                system_time_proc
                0x0000000080010c2c                get_time
 .text          0x0000000080010cb8     0x311c kernel/vfs/ext2.o
                0x0000000080010dd0                init_ext2
                0x00000000800114f8                ext2_delete_inode
                0x0000000080011dc8                ext2_write_inode
                0x0000000080011f8c                ext2_create
                0x0000000080011fc0                ext2_inode_lookup
                0x000000008001243c                ext2_create_inode
                0x0000000080012f8c                ext2_readdir
                0x000000008001341c                ext2_readpage
                0x0000000080013538                ext2_writepage
                0x00000000800135f4                ext2_bmap
                0x0000000080013968                ext2_fill_inode
                0x0000000080013b90                ext2_check_inode_bitmap
                0x0000000080013cb0                ext2_group_base_sect
 .text          0x0000000080013dd4     0x2858 kernel/vfs/fat32.o
                0x0000000080013eec                init_fat32
                0x00000000800148f8                fat32_delete_inode
                0x0000000080014cc0                fat32_write_inode
                0x00000000800150bc                fat32_inode_lookup
                0x00000000800156d8                fat32_create
                0x000000008001570c                fat32_readdir
                0x0000000080015bf8                fat32_convert_filename
                0x0000000080016364                fat32_readpage
                0x0000000080016464                fat32_writepage
                0x0000000080016528                fat32_bmap
                0x0000000080016568                read_fat
 .text          0x000000008001662c      0x598 kernel/vfs/mount.o
                0x000000008001662c                mount_ext2
                0x0000000080016768                follow_mount
                0x0000000080016844                lookup_mnt
                0x00000000800168e8                mount_fs
                0x0000000080016af0                unmount_fs
 .text          0x0000000080016bc4     0x13dc kernel/vfs/open.o
                0x0000000080016d38                vfs_open
                0x0000000080016df0                open_namei
                0x000000008001709c                __lookup_hash
                0x00000000800171b0                path_lookup
                0x0000000080017298                link_path_walk
                0x000000008001781c                follow_dotdot
                0x0000000080017958                do_lookup
                0x0000000080017a64                real_lookup
                0x0000000080017b28                dentry_open
                0x0000000080017c44                vfs_close
                0x0000000080017ca8                d_alloc
                0x0000000080017ed4                delete_dentry
 .text          0x0000000080017fa0      0x7e8 kernel/vfs/read_write.o
                0x0000000080018090                vfs_read
                0x0000000080018144                vfs_write
                0x00000000800181f4                generic_file_read_write
                0x00000000800185a4                page_to_cache
                0x00000000800186d4                generic_file_flush
 .text          0x0000000080018788      0x8a0 kernel/vfs/usr.o
                0x0000000080018800                vfs_cat
                0x0000000080018960                vfs_cd
                0x0000000080018a04                vfs_ls
                0x0000000080018c8c                vfs_rm
                0x0000000080018d60                vfs_mnt
                0x0000000080018e38                vfs_umnt
                0x0000000080018f0c                vfs_create
 .text          0x0000000080019028      0x448 kernel/vfs/utils.o
                0x0000000080019028                read_block
                0x0000000080019070                write_block
                0x00000000800190b8                get_u16
                0x0000000080019108                get_u32
                0x0000000080019174                set_u16
                0x00000000800191d0                set_u32
                0x0000000080019254                generic_compare_filename
                0x0000000080019318                get_bit
                0x0000000080019384                set_bit
                0x00000000800193f4                reset_bit
 .text          0x0000000080019470      0x334 kernel/vfs/vfs.o
                0x0000000080019470                init_vfs
                0x0000000080019658                vfs_read_MBR
 .text          0x00000000800197a4      0xfdc kernel/vfs/vfscache.o
                0x0000000080019948                init_cache
                0x0000000080019ad0                cache_init
                0x0000000080019bb0                cache_is_full
                0x0000000080019bf0                dcache_look_up
                0x0000000080019d8c                dcache_add
                0x0000000080019e68                dcache_put_LRU
                0x000000008001a034                dcache_put
                0x000000008001a0ec                icache_look_up
                0x000000008001a118                icache_add
                0x000000008001a144                icache_put_LRU
                0x000000008001a16c                pcache_look_up
                0x000000008001a2e4                pcache_add
                0x000000008001a3c0                pcache_put_LRU
                0x000000008001a490                pcache_write_back
                0x000000008001a4e4                dget
                0x000000008001a520                dput
                0x000000008001a55c                iget
                0x000000008001a598                iput
                0x000000008001a5d4                release_dentry
                0x000000008001a610                release_inode
                0x000000008001a64c                release_page
                0x000000008001a69c                __intHash
                0x000000008001a6dc                __stringHash
 .text          0x000000008001a780       0x24 kernel/vm/tlb.o
                0x000000008001a780                set_tlb_asid
 .text          0x000000008001a7a4     0x1bbc kernel/vm/vm.o
                0x000000008001a8c4                rbTree_search
                0x000000008001aeb8                insert_rbtree_color
                0x000000008001b0c4                insert_rbtree
                0x000000008001b25c                delete_rbtree
                0x000000008001b550                mm_rb_first
                0x000000008001b5b8                mm_rb_last
                0x000000008001b620                mm_rb_next
                0x000000008001b6cc                mm_rb_prev
                0x000000008001b778                mm_rb_replace_node
                0x000000008001b878                mm_create
                0x000000008001b968                mm_delete
                0x000000008001b9c4                pgd_delete
                0x000000008001bae8                memset
                0x000000008001bb74                find_vma_and_prev
                0x000000008001bc24                get_unmapped_area
                0x000000008001bdac                find_vma
                0x000000008001bf08                create_vma
                0x000000008001bfcc                do_mmap
                0x000000008001c1b4                do_unmmap
                0x000000008001c208                exit_mmap
                0x000000008001c2d8                is_in_vma
 .text          0x000000008001c360       0x60 utils/assert.o
                0x000000008001c360                assert
 .text          0x000000008001c3c0      0x27c utils/log.o
                0x000000008001c3c0                log_level_adv
                0x000000008001c400                log_level_rec
                0x000000008001c43c                log
                0x000000008001c5c0                step
                0x000000008001c614                step_reset
 .text          0x000000008001c63c      0x38c utils/utils.o
                0x000000008001c63c                kernel_memcpy
                0x000000008001c6c0                kernel_memset
                0x000000008001c6f4                kernel_memset_word
                0x000000008001c754                kernel_strcmp
                0x000000008001c7dc                kernel_strcpy
                0x000000008001c838                pow
                0x000000008001c8a8                kernel_cache
                0x000000008001c8f0                kernel_serial_puts
                0x000000008001c94c                kernel_serial_putc
                0x000000008001c988                is_bound
 .text          0x000000008001c9c8      0x1d0 usr/exec.o
                0x000000008001c9c8                exec
 .text          0x000000008001cb98      0x370 usr/ls.o
                0x000000008001cb98                cut_front_blank
                0x000000008001cc64                strlen
                0x000000008001ccbc                each_param
                0x000000008001cd7c                ls
 .text          0x000000008001cf08     0x13b4 usr/myvi.o
                0x000000008001cf80                myvi_init
                0x000000008001cffc                to_lower_case
                0x000000008001d05c                mystrcpy
                0x000000008001d0b8                load_file
                0x000000008001d2d0                save_file
                0x000000008001d3c4                insert_key
                0x000000008001d494                delete_key
                0x000000008001d52c                put_char_on_screen
                0x000000008001d5a4                screen_flush
                0x000000008001d9b0                get_key
                0x000000008001d9e4                page_location_last_line
                0x000000008001da84                page_location_next_line
                0x000000008001db1c                cursor_prev_line
                0x000000008001dbf4                cursor_next_line
                0x000000008001dc90                do_command_mode
                0x000000008001deb8                do_insert_mode
                0x000000008001dfd0                do_last_line_mode
                0x000000008001e1a4                myvi
 .text          0x000000008001e2bc     0x16c4 usr/ps.o
                0x000000008001e2bc                test_proc
                0x000000008001e330                testMem
                0x000000008001e518                testMem2
                0x000000008001e708                testMem3
                0x000000008001eb28                test_sync
                0x000000008001ebd4                sync_demo_create
                0x000000008001ebf8                ps
                0x000000008001ee44                parse_cmd
 *(.text.*)
 *(.stub)
 *(.gnu.warning)
 *(.gnu.linkonce.t*)
 *(.mips16.fn.*)
 *(.mips16.call.*)
                0x000000008001f980                _ecode = .

.init
 *(.init)

.fini
 *(.fini)

.rodata         0x000000008001f980     0x2c51
 *(.rodata)
 .rodata        0x000000008001f980      0x4b4 arch/mips32/exc.o
 .rodata        0x000000008001fe34      0x140 arch/mips32/intr.o
 .rodata        0x000000008001ff74      0x140 kernel/driver/ps2.o
 .rodata        0x00000000800200b4      0x140 kernel/driver/sd.o
 .rodata        0x00000000800201f4       0x11 kernel/driver/vga.o
 *fill*         0x0000000080020205        0x3 
 .rodata        0x0000000080020208       0xa7 kernel/fs/fat/fat.o
 *fill*         0x00000000800202af        0x1 
 .rodata        0x00000000800202b0       0x18 kernel/fs/fat/usr.o
 .rodata        0x00000000800202c8      0x213 kernel/init.o
 *fill*         0x00000000800204db        0x1 
 .rodata        0x00000000800204dc      0x140 kernel/lock/lock.o
 .rodata        0x000000008002061c       0xd3 kernel/mm/mybootmm.o
 *fill*         0x00000000800206ef        0x1 
 .rodata        0x00000000800206f0       0x83 kernel/mm/mybuddy.o
 *fill*         0x0000000080020773        0x1 
 .rodata        0x0000000080020774      0x161 kernel/mm/myslab.o
 *fill*         0x00000000800208d5        0x3 
 .rodata        0x00000000800208d8      0x14f kernel/pc/pid.o
 *fill*         0x0000000080020a27        0x1 
 .rodata        0x0000000080020a28      0x6df kernel/pc/sched.o
 *fill*         0x0000000080021107        0x1 
 .rodata        0x0000000080021108      0x1db kernel/pc/sched_fair.o
 *fill*         0x00000000800212e3        0x1 
 .rodata        0x00000000800212e4      0x140 kernel/syscall/syscall.o
 .rodata        0x0000000080021424      0x153 kernel/syscall/syscall4.o
 *fill*         0x0000000080021577        0x1 
 .rodata        0x0000000080021578      0x178 kernel/time/time.o
 .rodata        0x00000000800216f0      0x1f2 kernel/vfs/ext2.o
 *fill*         0x00000000800218e2        0x2 
 .rodata        0x00000000800218e4        0xa kernel/vfs/fat32.o
 *fill*         0x00000000800218ee        0x2 
 .rodata        0x00000000800218f0       0x12 kernel/vfs/mount.o
 *fill*         0x0000000080021902        0x2 
 .rodata        0x0000000080021904       0x11 kernel/vfs/open.o
 *fill*         0x0000000080021915        0x3 
 .rodata        0x0000000080021918       0x99 kernel/vfs/usr.o
 *fill*         0x00000000800219b1        0x3 
 .rodata        0x00000000800219b4       0x5e kernel/vfs/vfs.o
 *fill*         0x0000000080021a12        0x2 
 .rodata        0x0000000080021a14      0x18b kernel/vm/vm.o
 *fill*         0x0000000080021b9f        0x1 
 .rodata        0x0000000080021ba0       0x14 utils/assert.o
 .rodata        0x0000000080021bb4       0x77 utils/log.o
 *fill*         0x0000000080021c2b        0x1 
 .rodata        0x0000000080021c2c      0x153 usr/exec.o
 *fill*         0x0000000080021d7f        0x1 
 .rodata        0x0000000080021d80       0x37 usr/ls.o
 *fill*         0x0000000080021db7        0x1 
 .rodata        0x0000000080021db8      0x296 usr/myvi.o
 *fill*         0x000000008002204e        0x2 
 .rodata        0x0000000080022050      0x581 usr/ps.o
 *(.rodata.*)
 *(.gnu.linkonce.r*)

.MIPS.abiflags  0x00000000800225d8       0x18
 .MIPS.abiflags
                0x00000000800225d8       0x18 arch/mips32/start.o

.rodata1
 *(.rodata1)

.sdata2
 *(.sdata2)

.sbss2
 *(.sbss2)

.sdeinit
 *(.sdeinit)

.sdefini
 *(.sdefini)

.eh_frame
 *(.eh_frame)

.gcc_except_table
 *(.gcc_except_table)

.ctors
 *crt0.o(.ctors)
 *crtbegin.o(.ctors)
 *crtbeginS.o(.ctors)
 *(EXCLUDE_FILE(*crtn.o *crtendS.o *crtend.o) .ctors)
 *(SORT(.ctors.*))
 *(.ctors)

.dtors
 *crt0.o(.dtors)
 *crtbegin.o(.dtors)
 *crtbeginS.o(.dtors)
 *(EXCLUDE_FILE(*crtn.o *crtendS.o *crtend.o) .dtors)
 *(SORT(.dtors.*))
 *(.dtors)

.dynamic
 *(.dynamic)

.dynsym
 *(.dynsym)

.hash
 *(.hash)

.dynstr
 *(.dynstr)
                0x00000000800225f0                __etext = .
                0x00000000800225f0                _etext = .
                [!provide]                        PROVIDE (etext, .)
                0x00000000800225f0                . = ALIGN (0x8)

.data           0x00000000800225f0      0x1e0
                0x00000000800225f0                _fdata = .
 *(.data)
 .data          0x00000000800225f0        0x0 arch/mips32/start.o
 .data          0x00000000800225f0        0x0 arch/mips32/arch.o
 .data          0x00000000800225f0        0x0 arch/mips32/exc.o
 .data          0x00000000800225f0        0x0 arch/mips32/intr.o
 .data          0x00000000800225f0        0x0 arch/mips32/page.o
 .data          0x00000000800225f0      0x100 kernel/driver/ps2.o
                0x00000000800225f0                scantoascii_uppercase
                0x0000000080022670                scantoascii_lowercase
 .data          0x00000000800226f0        0x0 kernel/driver/sd.o
 .data          0x00000000800226f0        0x0 kernel/driver/vga.o
 .data          0x00000000800226f0        0x0 kernel/fs/fat/debug.o
 .data          0x00000000800226f0        0x0 kernel/fs/fat/dir.o
 .data          0x00000000800226f0        0x0 kernel/fs/fat/fat.o
 .data          0x00000000800226f0        0x0 kernel/fs/fat/usr.o
 .data          0x00000000800226f0        0x0 kernel/fs/fat/utils.o
 .data          0x00000000800226f0        0x0 kernel/fs/fscache/fscache.o
 .data          0x00000000800226f0        0x0 kernel/init.o
 .data          0x00000000800226f0        0x0 kernel/lock/lock.o
 .data          0x00000000800226f0       0x1c kernel/mm/mybootmm.o
                0x00000000800226f0                mem_msg
 .data          0x000000008002270c        0x0 kernel/mm/mybuddy.o
 .data          0x000000008002270c       0x30 kernel/mm/myslab.o
 .data          0x000000008002273c        0x0 kernel/pc/pid.o
 .data          0x000000008002273c        0x0 kernel/pc/rbtree.o
 .data          0x000000008002273c        0x0 kernel/pc/sched.o
 .data          0x000000008002273c        0x0 kernel/pc/sched_fair.o
 .data          0x000000008002273c        0x0 kernel/pc/switch.o
 .data          0x000000008002273c        0x0 kernel/syscall/syscall.o
 .data          0x000000008002273c        0x0 kernel/syscall/syscall4.o
 .data          0x000000008002273c        0x0 kernel/time/time.o
 .data          0x000000008002273c       0x2c kernel/vfs/ext2.o
                0x000000008002273c                ext2_inode_operations
                0x000000008002274c                ext2_file_operations
                0x000000008002275c                ext2_address_space_operations
 .data          0x0000000080022768       0x2c kernel/vfs/fat32.o
                0x0000000080022768                fat32_inode_operations
                0x0000000080022778                fat32_file_operations
                0x0000000080022788                fat32_address_space_operations
 .data          0x0000000080022794        0x0 kernel/vfs/mount.o
 .data          0x0000000080022794        0x0 kernel/vfs/open.o
 .data          0x0000000080022794        0x0 kernel/vfs/read_write.o
 .data          0x0000000080022794        0x0 kernel/vfs/usr.o
 .data          0x0000000080022794        0x0 kernel/vfs/utils.o
 .data          0x0000000080022794        0x0 kernel/vfs/vfs.o
 .data          0x0000000080022794       0x3c kernel/vfs/vfscache.o
                0x0000000080022794                dentry_cache_operations
                0x00000000800227a8                inode_cache_operations
                0x00000000800227bc                page_cache_operations
 .data          0x00000000800227d0        0x0 kernel/vm/tlb.o
 .data          0x00000000800227d0        0x0 kernel/vm/vm.o
 .data          0x00000000800227d0        0x0 utils/assert.o
 .data          0x00000000800227d0        0x0 utils/log.o
 .data          0x00000000800227d0        0x0 utils/utils.o
 .data          0x00000000800227d0        0x0 usr/exec.o
 .data          0x00000000800227d0        0x0 usr/ls.o
 .data          0x00000000800227d0        0x0 usr/myvi.o
 .data          0x00000000800227d0        0x0 usr/ps.o
 *(.data.*)
 *(.gnu.linkonce.d*)

.data1
 *(.data1)
                0x000000008002a7c0                _gp = (ALIGN (0x10) + 0x7ff0)

.got
 *(.got.plt)
 *(.got)

.sdata          0x00000000800227d0       0x90
 *(.sdata)
 .sdata         0x00000000800227d0       0x34 arch/mips32/arch.o
                0x00000000800227d0                CHAR_VRAM
                0x00000000800227d4                GRAPHIC_VRAM
                0x00000000800227d8                GPIO_SWITCH
                0x00000000800227dc                GPIO_BUTTON
                0x00000000800227e0                GPIO_SEG
                0x00000000800227e4                GPIO_LED
                0x00000000800227e8                GPIO_PS2_DATA
                0x00000000800227ec                GPIO_PS2_CTRL
                0x00000000800227f0                GPIO_UART_DATA
                0x00000000800227f4                GPIO_UART_CTRL
                0x00000000800227f8                GPIO_CURSOR
                0x00000000800227fc                VGA_MODE
                0x0000000080022800                kernel_sp
 .sdata         0x0000000080022804        0x4 kernel/driver/ps2.o
 .sdata         0x0000000080022808        0x8 kernel/driver/sd.o
 .sdata         0x0000000080022810       0x18 kernel/driver/vga.o
                0x0000000080022810                VGA_CHAR_MAX_ROW
                0x0000000080022814                VGA_CHAR_MAX_COL
                0x0000000080022818                VGA_CHAR_ROW
                0x000000008002281c                VGA_CHAR_COL
                0x0000000080022820                cursor_freq
 .sdata         0x0000000080022828        0x4 kernel/pc/pid.o
 .sdata         0x000000008002282c       0x10 kernel/pc/sched_fair.o
                0x000000008002282c                sysctl_sched_latency
                0x0000000080022830                sysctl_sched_min_granularity
                0x0000000080022834                sysctl_sched_wakeup_granularity
 .sdata         0x000000008002283c        0xd kernel/vfs/ext2.o
                0x000000008002283c                ext2_super_operations
                0x0000000080022844                ext2_dentry_operations
 *fill*         0x0000000080022849        0x3 
 .sdata         0x000000008002284c        0xd kernel/vfs/fat32.o
                0x000000008002284c                fat32_super_operations
                0x0000000080022854                fat32_dentry_operations
 .sdata         0x0000000080022859        0x1 kernel/vfs/mount.o
 *fill*         0x000000008002285a        0x2 
 .sdata         0x000000008002285c        0x4 usr/exec.o
                0x000000008002285c                CACHE_BLOCK_SIZE
 *(.sdata1)
 *(.sdata.*)
 *(.gnu.linkonce.s.*)

.lit8
 *(.lit8)

.lit4
 *(.lit4)
                0x0000000080022860                . = ALIGN (0x8)
                0x0000000080022860                _edata = .
                [!provide]                        PROVIDE (edata, .)
                0x0000000080022860                __bss_start = .
                [!provide]                        PROVIDE (__edata, .)
                0x0000000080022860                _fbss = .

.sbss           0x0000000080022860       0xd8
                0x0000000080022860                __sbss_start = .
                0x0000000080022860                ___sbss_start = .
 *(.dynsbss)
 *(.sbss)
 .sbss          0x0000000080022860        0x8 arch/mips32/exc.o
                0x0000000080022860                count
                0x0000000080022864                exl
 .sbss          0x0000000080022868       0x14 kernel/driver/ps2.o
 .sbss          0x000000008002287c        0x8 kernel/fs/fat/fat.o
                0x000000008002287c                fat_clock_head
                0x0000000080022880                dir_data_clock_head
 .sbss          0x0000000080022884        0x4 kernel/mm/myslab.o
 .sbss          0x0000000080022888       0x14 kernel/pc/sched.o
                0x0000000080022888                current_task
                0x000000008002288c                countx
                0x0000000080022890                times
                0x0000000080022894                waits
                0x0000000080022898                total
 .sbss          0x000000008002289c        0x8 utils/log.o
                0x000000008002289c                gstep
 .sbss          0x00000000800228a4        0xc usr/myvi.o
                0x00000000800228a4                inst_len
                0x00000000800228a8                size
                0x00000000800228ac                page_location
 *(.sbss.*)
 *(.scommon)
 .scommon       0x00000000800228b0        0x8 kernel/driver/vga.o
                0x00000000800228b0                cursor_col
                0x00000000800228b4                cursor_row
 .scommon       0x00000000800228b8        0x8 kernel/mm/mybootmm.o
                0x00000000800228b8                firstusercode_start
                0x00000000800228bc                firstusercode_len
 .scommon       0x00000000800228c0        0xc kernel/mm/mybuddy.o
                0x00000000800228c0                kernel_start_pfn
                0x00000000800228c4                kernel_end_pfn
                0x00000000800228c8                pages
 .scommon       0x00000000800228cc        0x4 kernel/pc/pid.o
                0x00000000800228cc                last_pid
 .scommon       0x00000000800228d0       0x24 kernel/pc/sched.o
                0x00000000800228d0                p
                0x00000000800228d4                tasks
                0x00000000800228dc                shell
                0x00000000800228e0                wait
                0x00000000800228e8                idle_task
                0x00000000800228ec                exited
 .scommon       0x00000000800228f4        0x4 kernel/vfs/fat32.o
                0x00000000800228f4                tempp
 .scommon       0x00000000800228f8       0x14 kernel/vfs/vfs.o
                0x00000000800228f8                pwd_dentry
                0x00000000800228fc                MBR
                0x0000000080022900                root_dentry
                0x0000000080022904                root_mnt
                0x0000000080022908                pwd_mnt
 .scommon       0x000000008002290c        0xc kernel/vfs/vfscache.o
                0x000000008002290c                dcache
                0x0000000080022910                pcache
                0x0000000080022914                icache
 .scommon       0x0000000080022918       0x1c usr/myvi.o
                0x0000000080022918                cursor_location
                0x000000008002291c                is_new_file
                0x0000000080022920                page_end
                0x0000000080022924                filename
                0x0000000080022928                mode
                0x000000008002292c                err
                0x0000000080022930                pre_cursor_freq
 .scommon       0x0000000080022934        0x4 usr/ps.o
                0x0000000080022934                ps_buffer_index
                0x0000000080022938                __sbss_end = .
                0x0000000080022938                ___sbss_end = .

.bss            0x0000000080022938    0x7d188
 *(.dynbss)
 *(.bss)
 .bss           0x0000000080022938        0x0 arch/mips32/start.o
 .bss           0x0000000080022938        0x0 arch/mips32/arch.o
 .bss           0x0000000080022938        0x0 arch/mips32/exc.o
 .bss           0x0000000080022938        0x0 arch/mips32/intr.o
 .bss           0x0000000080022938        0x0 arch/mips32/page.o
 .bss           0x0000000080022938      0x100 kernel/driver/ps2.o
 .bss           0x0000000080022a38        0x0 kernel/driver/sd.o
 .bss           0x0000000080022a38        0x0 kernel/driver/vga.o
 .bss           0x0000000080022a38        0x0 kernel/fs/fat/debug.o
 .bss           0x0000000080022a38        0x0 kernel/fs/fat/dir.o
 .bss           0x0000000080022a38        0x0 kernel/fs/fat/fat.o
 .bss           0x0000000080022a38        0x0 kernel/fs/fat/usr.o
 .bss           0x0000000080022a38        0x0 kernel/fs/fat/utils.o
 .bss           0x0000000080022a38        0x0 kernel/fs/fscache/fscache.o
 .bss           0x0000000080022a38        0x0 kernel/init.o
 .bss           0x0000000080022a38        0x0 kernel/lock/lock.o
 .bss           0x0000000080022a38        0x0 kernel/mm/mybootmm.o
 .bss           0x0000000080022a38        0x0 kernel/mm/mybuddy.o
 .bss           0x0000000080022a38        0x0 kernel/mm/myslab.o
 .bss           0x0000000080022a38    0x64210 kernel/pc/pid.o
 .bss           0x0000000080086c48        0x0 kernel/pc/rbtree.o
 .bss           0x0000000080086c48        0x0 kernel/pc/sched.o
 .bss           0x0000000080086c48        0x0 kernel/pc/sched_fair.o
 .bss           0x0000000080086c48        0x0 kernel/pc/switch.o
 .bss           0x0000000080086c48        0x0 kernel/syscall/syscall.o
 .bss           0x0000000080086c48        0x0 kernel/syscall/syscall4.o
 .bss           0x0000000080086c48        0x0 kernel/time/time.o
 .bss           0x0000000080086c48        0x0 kernel/vfs/ext2.o
 .bss           0x0000000080086c48        0x0 kernel/vfs/fat32.o
 .bss           0x0000000080086c48        0x0 kernel/vfs/mount.o
 .bss           0x0000000080086c48        0x0 kernel/vfs/open.o
 .bss           0x0000000080086c48        0x0 kernel/vfs/read_write.o
 .bss           0x0000000080086c48        0x0 kernel/vfs/usr.o
 .bss           0x0000000080086c48        0x0 kernel/vfs/utils.o
 .bss           0x0000000080086c48        0x0 kernel/vfs/vfs.o
 .bss           0x0000000080086c48        0x0 kernel/vfs/vfscache.o
 .bss           0x0000000080086c48        0x0 kernel/vm/tlb.o
 .bss           0x0000000080086c48        0x0 kernel/vm/vm.o
 .bss           0x0000000080086c48        0x0 utils/assert.o
 .bss           0x0000000080086c48        0x0 utils/log.o
 .bss           0x0000000080086c48        0x0 utils/utils.o
 .bss           0x0000000080086c48        0x0 usr/exec.o
 .bss           0x0000000080086c48        0x0 usr/ls.o
 .bss           0x0000000080086c48       0x50 usr/myvi.o
                0x0000000080086c48                instruction
 .bss           0x0000000080086c98        0x0 usr/ps.o
 *(.bss.*)
 *(COMMON)
 COMMON         0x0000000080086c98       0x80 arch/mips32/exc.o
                0x0000000080086c98                exceptions
 COMMON         0x0000000080086d18       0x20 arch/mips32/intr.o
                0x0000000080086d18                interrupts
 COMMON         0x0000000080086d38     0x4150 kernel/fs/fat/dir.o
                0x0000000080086d38                dir_find
 COMMON         0x000000008008ae88     0x2058 kernel/fs/fat/fat.o
                0x000000008008ae88                dir_data_buf
                0x000000008008b6a8                fat_info
                0x000000008008bac0                filename11
                0x000000008008bad0                new_alloc_empty
                0x000000008008cad0                fat_buf
 COMMON         0x000000008008cee0     0x4170 kernel/fs/fat/usr.o
                0x000000008008cee0                file_create
                0x0000000080091030                mk_dir_buf
 COMMON         0x0000000080091050     0x8090 kernel/mm/mybootmm.o
                0x0000000080091050                bootmmmap
                0x0000000080099050                bmm
 COMMON         0x00000000800990e0       0x78 kernel/mm/mybuddy.o
                0x00000000800990e0                buddy
 COMMON         0x0000000080099158      0x390 kernel/mm/myslab.o
                0x0000000080099158                kmalloc_caches
 COMMON         0x00000000800994e8     0x1004 kernel/pc/pid.o
                0x00000000800994e8                pid_map
 COMMON         0x000000008009a4ec       0x38 kernel/pc/sched.o
                0x000000008009a4ec                my_cfs_rq
 COMMON         0x000000008009a524      0x400 kernel/syscall/syscall.o
                0x000000008009a524                syscalls
 COMMON         0x000000008009a924     0x4150 usr/exec.o
                0x000000008009a924                file
 COMMON         0x000000008009ea74     0x1000 usr/myvi.o
                0x000000008009ea74                buffer
 COMMON         0x000000008009fa74       0x4c usr/ps.o
                0x000000008009fa74                lk
                0x000000008009fa80                ps_buffer
                0x000000008009fac0                . = ALIGN (0x4)
                0x000000008009fac0                . = ALIGN (0x4)
                0x000000008009fac0                _end = .
                [!provide]                        PROVIDE (__end, .)
                [!provide]                        PROVIDE (end, .)

.stab
 *(.stab)

.stabstr
 *(.stabstr)

.stab.excl
 *(.stab.excl)

.stab.exclstr
 *(.stab.exclstr)

.stab.index
 *(.stab.index)

.stab.indexstr
 *(.stab.indexstr)

.comment        0x0000000000000000       0x44
 *(.comment)
 .comment       0x0000000000000000       0x44 arch/mips32/arch.o
                                         0x45 (size before relaxing)
 .comment       0x0000000000000044       0x45 arch/mips32/exc.o
 .comment       0x0000000000000044       0x45 arch/mips32/intr.o
 .comment       0x0000000000000044       0x45 arch/mips32/page.o
 .comment       0x0000000000000044       0x45 kernel/driver/ps2.o
 .comment       0x0000000000000044       0x45 kernel/driver/sd.o
 .comment       0x0000000000000044       0x45 kernel/driver/vga.o
 .comment       0x0000000000000044       0x45 kernel/fs/fat/debug.o
 .comment       0x0000000000000044       0x45 kernel/fs/fat/dir.o
 .comment       0x0000000000000044       0x45 kernel/fs/fat/fat.o
 .comment       0x0000000000000044       0x45 kernel/fs/fat/usr.o
 .comment       0x0000000000000044       0x45 kernel/fs/fat/utils.o
 .comment       0x0000000000000044       0x45 kernel/fs/fscache/fscache.o
 .comment       0x0000000000000044       0x45 kernel/init.o
 .comment       0x0000000000000044       0x45 kernel/lock/lock.o
 .comment       0x0000000000000044       0x45 kernel/mm/mybootmm.o
 .comment       0x0000000000000044       0x45 kernel/mm/mybuddy.o
 .comment       0x0000000000000044       0x45 kernel/mm/myslab.o
 .comment       0x0000000000000044       0x45 kernel/pc/pid.o
 .comment       0x0000000000000044       0x45 kernel/pc/rbtree.o
 .comment       0x0000000000000044       0x45 kernel/pc/sched.o
 .comment       0x0000000000000044       0x45 kernel/pc/sched_fair.o
 .comment       0x0000000000000044       0x45 kernel/syscall/syscall.o
 .comment       0x0000000000000044       0x45 kernel/syscall/syscall4.o
 .comment       0x0000000000000044       0x45 kernel/time/time.o
 .comment       0x0000000000000044       0x45 kernel/vfs/ext2.o
 .comment       0x0000000000000044       0x45 kernel/vfs/fat32.o
 .comment       0x0000000000000044       0x45 kernel/vfs/mount.o
 .comment       0x0000000000000044       0x45 kernel/vfs/open.o
 .comment       0x0000000000000044       0x45 kernel/vfs/read_write.o
 .comment       0x0000000000000044       0x45 kernel/vfs/usr.o
 .comment       0x0000000000000044       0x45 kernel/vfs/utils.o
 .comment       0x0000000000000044       0x45 kernel/vfs/vfs.o
 .comment       0x0000000000000044       0x45 kernel/vfs/vfscache.o
 .comment       0x0000000000000044       0x45 kernel/vm/vm.o
 .comment       0x0000000000000044       0x45 utils/assert.o
 .comment       0x0000000000000044       0x45 utils/log.o
 .comment       0x0000000000000044       0x45 utils/utils.o
 .comment       0x0000000000000044       0x45 usr/exec.o
 .comment       0x0000000000000044       0x45 usr/ls.o
 .comment       0x0000000000000044       0x45 usr/myvi.o
 .comment       0x0000000000000044       0x45 usr/ps.o

.gnu.attributes
                0x0000000000000000       0x10
 .gnu.attributes
                0x0000000000000000       0x10 arch/mips32/start.o
 .gnu.attributes
                0x0000000000000010       0x10 arch/mips32/arch.o
 .gnu.attributes
                0x0000000000000020       0x10 arch/mips32/exc.o
 .gnu.attributes
                0x0000000000000030       0x10 arch/mips32/intr.o
 .gnu.attributes
                0x0000000000000040       0x10 arch/mips32/page.o
 .gnu.attributes
                0x0000000000000050       0x10 kernel/driver/ps2.o
 .gnu.attributes
                0x0000000000000060       0x10 kernel/driver/sd.o
 .gnu.attributes
                0x0000000000000070       0x10 kernel/driver/vga.o
 .gnu.attributes
                0x0000000000000080       0x10 kernel/fs/fat/debug.o
 .gnu.attributes
                0x0000000000000090       0x10 kernel/fs/fat/dir.o
 .gnu.attributes
                0x00000000000000a0       0x10 kernel/fs/fat/fat.o
 .gnu.attributes
                0x00000000000000b0       0x10 kernel/fs/fat/usr.o
 .gnu.attributes
                0x00000000000000c0       0x10 kernel/fs/fat/utils.o
 .gnu.attributes
                0x00000000000000d0       0x10 kernel/fs/fscache/fscache.o
 .gnu.attributes
                0x00000000000000e0       0x10 kernel/init.o
 .gnu.attributes
                0x00000000000000f0       0x10 kernel/lock/lock.o
 .gnu.attributes
                0x0000000000000100       0x10 kernel/mm/mybootmm.o
 .gnu.attributes
                0x0000000000000110       0x10 kernel/mm/mybuddy.o
 .gnu.attributes
                0x0000000000000120       0x10 kernel/mm/myslab.o
 .gnu.attributes
                0x0000000000000130       0x10 kernel/pc/pid.o
 .gnu.attributes
                0x0000000000000140       0x10 kernel/pc/rbtree.o
 .gnu.attributes
                0x0000000000000150       0x10 kernel/pc/sched.o
 .gnu.attributes
                0x0000000000000160       0x10 kernel/pc/sched_fair.o
 .gnu.attributes
                0x0000000000000170       0x10 kernel/pc/switch.o
 .gnu.attributes
                0x0000000000000180       0x10 kernel/syscall/syscall.o
 .gnu.attributes
                0x0000000000000190       0x10 kernel/syscall/syscall4.o
 .gnu.attributes
                0x00000000000001a0       0x10 kernel/time/time.o
 .gnu.attributes
                0x00000000000001b0       0x10 kernel/vfs/ext2.o
 .gnu.attributes
                0x00000000000001c0       0x10 kernel/vfs/fat32.o
 .gnu.attributes
                0x00000000000001d0       0x10 kernel/vfs/mount.o
 .gnu.attributes
                0x00000000000001e0       0x10 kernel/vfs/open.o
 .gnu.attributes
                0x00000000000001f0       0x10 kernel/vfs/read_write.o
 .gnu.attributes
                0x0000000000000200       0x10 kernel/vfs/usr.o
 .gnu.attributes
                0x0000000000000210       0x10 kernel/vfs/utils.o
 .gnu.attributes
                0x0000000000000220       0x10 kernel/vfs/vfs.o
 .gnu.attributes
                0x0000000000000230       0x10 kernel/vfs/vfscache.o
 .gnu.attributes
                0x0000000000000240       0x10 kernel/vm/tlb.o
 .gnu.attributes
                0x0000000000000250       0x10 kernel/vm/vm.o
 .gnu.attributes
                0x0000000000000260       0x10 utils/assert.o
 .gnu.attributes
                0x0000000000000270       0x10 utils/log.o
 .gnu.attributes
                0x0000000000000280       0x10 utils/utils.o
 .gnu.attributes
                0x0000000000000290       0x10 usr/exec.o
 .gnu.attributes
                0x00000000000002a0       0x10 usr/ls.o
 .gnu.attributes
                0x00000000000002b0       0x10 usr/myvi.o
 .gnu.attributes
                0x00000000000002c0       0x10 usr/ps.o

.mdebug.abi32   0x0000000000000000        0x0
 .mdebug.abi32  0x0000000000000000        0x0 arch/mips32/arch.o
 .mdebug.abi32  0x0000000000000000        0x0 arch/mips32/exc.o
 .mdebug.abi32  0x0000000000000000        0x0 arch/mips32/intr.o
 .mdebug.abi32  0x0000000000000000        0x0 arch/mips32/page.o
 .mdebug.abi32  0x0000000000000000        0x0 kernel/driver/ps2.o
 .mdebug.abi32  0x0000000000000000        0x0 kernel/driver/sd.o
 .mdebug.abi32  0x0000000000000000        0x0 kernel/driver/vga.o
 .mdebug.abi32  0x0000000000000000        0x0 kernel/fs/fat/debug.o
 .mdebug.abi32  0x0000000000000000        0x0 kernel/fs/fat/dir.o
 .mdebug.abi32  0x0000000000000000        0x0 kernel/fs/fat/fat.o
 .mdebug.abi32  0x0000000000000000        0x0 kernel/fs/fat/usr.o
 .mdebug.abi32  0x0000000000000000        0x0 kernel/fs/fat/utils.o
 .mdebug.abi32  0x0000000000000000        0x0 kernel/fs/fscache/fscache.o
 .mdebug.abi32  0x0000000000000000        0x0 kernel/init.o
 .mdebug.abi32  0x0000000000000000        0x0 kernel/lock/lock.o
 .mdebug.abi32  0x0000000000000000        0x0 kernel/mm/mybootmm.o
 .mdebug.abi32  0x0000000000000000        0x0 kernel/mm/mybuddy.o
 .mdebug.abi32  0x0000000000000000        0x0 kernel/mm/myslab.o
 .mdebug.abi32  0x0000000000000000        0x0 kernel/pc/pid.o
 .mdebug.abi32  0x0000000000000000        0x0 kernel/pc/rbtree.o
 .mdebug.abi32  0x0000000000000000        0x0 kernel/pc/sched.o
 .mdebug.abi32  0x0000000000000000        0x0 kernel/pc/sched_fair.o
 .mdebug.abi32  0x0000000000000000        0x0 kernel/syscall/syscall.o
 .mdebug.abi32  0x0000000000000000        0x0 kernel/syscall/syscall4.o
 .mdebug.abi32  0x0000000000000000        0x0 kernel/time/time.o
 .mdebug.abi32  0x0000000000000000        0x0 kernel/vfs/ext2.o
 .mdebug.abi32  0x0000000000000000        0x0 kernel/vfs/fat32.o
 .mdebug.abi32  0x0000000000000000        0x0 kernel/vfs/mount.o
 .mdebug.abi32  0x0000000000000000        0x0 kernel/vfs/open.o
 .mdebug.abi32  0x0000000000000000        0x0 kernel/vfs/read_write.o
 .mdebug.abi32  0x0000000000000000        0x0 kernel/vfs/usr.o
 .mdebug.abi32  0x0000000000000000        0x0 kernel/vfs/utils.o
 .mdebug.abi32  0x0000000000000000        0x0 kernel/vfs/vfs.o
 .mdebug.abi32  0x0000000000000000        0x0 kernel/vfs/vfscache.o
 .mdebug.abi32  0x0000000000000000        0x0 kernel/vm/vm.o
 .mdebug.abi32  0x0000000000000000        0x0 utils/assert.o
 .mdebug.abi32  0x0000000000000000        0x0 utils/log.o
 .mdebug.abi32  0x0000000000000000        0x0 utils/utils.o
 .mdebug.abi32  0x0000000000000000        0x0 usr/exec.o
 .mdebug.abi32  0x0000000000000000        0x0 usr/ls.o
 .mdebug.abi32  0x0000000000000000        0x0 usr/myvi.o
 .mdebug.abi32  0x0000000000000000        0x0 usr/ps.o

.debug
 *(.debug)

.line
 *(.line)

.debug_srcinfo
 *(.debug_srcinfo)

.debug_sfnames
 *(.debug_sfnames)

.debug_aranges
 *(.debug_aranges)

.debug_pubnames
 *(.debug_pubnames)

.debug_info
 *(.debug_info)

.debug_abbrev
 *(.debug_abbrev)

.debug_line
 *(.debug_line)

.debug_frame
 *(.debug_frame)

.debug_str
 *(.debug_str)

.debug_loc
 *(.debug_loc)

.debug_macinfo
 *(.debug_macinfo)

.debug_weaknames
 *(.debug_weaknames)

.debug_funcnames
 *(.debug_funcnames)

.debug_typenames
 *(.debug_typenames)

.debug_varnames
 *(.debug_varnames)

/DISCARD/
 *(.reginfo)

.gptab.sdata
 *(.gptab.data)
 *(.gptab.sdata)

.gptab.sbss
 *(.gptab.bss)
 *(.gptab.sbss)

.pdr            0x0000000000000000     0x3760
 *(.pdr)
 .pdr           0x0000000000000000        0x0 arch/mips32/start.o
 .pdr           0x0000000000000000       0x20 arch/mips32/arch.o
 .pdr           0x0000000000000020       0xc0 arch/mips32/exc.o
 .pdr           0x00000000000000e0       0xa0 arch/mips32/intr.o
 .pdr           0x0000000000000180       0x20 arch/mips32/page.o
 .pdr           0x00000000000001a0       0xe0 kernel/driver/ps2.o
 .pdr           0x0000000000000280       0xa0 kernel/driver/sd.o
 .pdr           0x0000000000000320      0x160 kernel/driver/vga.o
 .pdr           0x0000000000000480        0x0 kernel/fs/fat/debug.o
 .pdr           0x0000000000000480       0x40 kernel/fs/fat/dir.o
 .pdr           0x00000000000004c0      0x2a0 kernel/fs/fat/fat.o
 .pdr           0x0000000000000760       0x80 kernel/fs/fat/usr.o
 .pdr           0x00000000000007e0      0x120 kernel/fs/fat/utils.o
 .pdr           0x0000000000000900      0x100 kernel/fs/fscache/fscache.o
 .pdr           0x0000000000000a00       0x40 kernel/init.o
 .pdr           0x0000000000000a40       0x80 kernel/lock/lock.o
 .pdr           0x0000000000000ac0      0x140 kernel/mm/mybootmm.o
 .pdr           0x0000000000000c00      0x1a0 kernel/mm/mybuddy.o
 .pdr           0x0000000000000da0      0x460 kernel/mm/myslab.o
 .pdr           0x0000000000001200      0x2a0 kernel/pc/pid.o
 .pdr           0x00000000000014a0      0x180 kernel/pc/rbtree.o
 .pdr           0x0000000000001620      0x520 kernel/pc/sched.o
 .pdr           0x0000000000001b40      0x400 kernel/pc/sched_fair.o
 .pdr           0x0000000000001f40        0x0 kernel/pc/switch.o
 .pdr           0x0000000000001f40       0x60 kernel/syscall/syscall.o
 .pdr           0x0000000000001fa0       0x20 kernel/syscall/syscall4.o
 .pdr           0x0000000000001fc0       0x60 kernel/time/time.o
 .pdr           0x0000000000002020      0x220 kernel/vfs/ext2.o
 .pdr           0x0000000000002240      0x1e0 kernel/vfs/fat32.o
 .pdr           0x0000000000002420       0xa0 kernel/vfs/mount.o
 .pdr           0x00000000000024c0      0x240 kernel/vfs/open.o
 .pdr           0x0000000000002700      0x100 kernel/vfs/read_write.o
 .pdr           0x0000000000002800      0x120 kernel/vfs/usr.o
 .pdr           0x0000000000002920      0x140 kernel/vfs/utils.o
 .pdr           0x0000000000002a60       0x40 kernel/vfs/vfs.o
 .pdr           0x0000000000002aa0      0x380 kernel/vfs/vfscache.o
 .pdr           0x0000000000002e20        0x0 kernel/vm/tlb.o
 .pdr           0x0000000000002e20      0x320 kernel/vm/vm.o
 .pdr           0x0000000000003140       0x20 utils/assert.o
 .pdr           0x0000000000003160       0xa0 utils/log.o
 .pdr           0x0000000000003200      0x140 utils/utils.o
 .pdr           0x0000000000003340       0x20 usr/exec.o
 .pdr           0x0000000000003360       0x80 usr/ls.o
 .pdr           0x00000000000033e0      0x280 usr/myvi.o
 .pdr           0x0000000000003660      0x100 usr/ps.o
LOAD arch/mips32/start.o
LOAD arch/mips32/arch.o
LOAD arch/mips32/exc.o
LOAD arch/mips32/intr.o
LOAD arch/mips32/page.o
LOAD kernel/driver/ps2.o
LOAD kernel/driver/sd.o
LOAD kernel/driver/vga.o
LOAD kernel/fs/fat/debug.o
LOAD kernel/fs/fat/dir.o
LOAD kernel/fs/fat/fat.o
LOAD kernel/fs/fat/usr.o
LOAD kernel/fs/fat/utils.o
LOAD kernel/fs/fscache/fscache.o
LOAD kernel/init.o
LOAD kernel/lock/lock.o
LOAD kernel/mm/mybootmm.o
LOAD kernel/mm/mybuddy.o
LOAD kernel/mm/myslab.o
LOAD kernel/pc/pid.o
LOAD kernel/pc/rbtree.o
LOAD kernel/pc/sched.o
LOAD kernel/pc/sched_fair.o
LOAD kernel/pc/switch.o
LOAD kernel/syscall/syscall.o
LOAD kernel/syscall/syscall4.o
LOAD kernel/time/time.o
LOAD kernel/vfs/ext2.o
LOAD kernel/vfs/fat32.o
LOAD kernel/vfs/mount.o
LOAD kernel/vfs/open.o
LOAD kernel/vfs/read_write.o
LOAD kernel/vfs/usr.o
LOAD kernel/vfs/utils.o
LOAD kernel/vfs/vfs.o
LOAD kernel/vfs/vfscache.o
LOAD kernel/vm/tlb.o
LOAD kernel/vm/vm.o
LOAD utils/assert.o
LOAD utils/log.o
LOAD utils/utils.o
LOAD usr/exec.o
LOAD usr/ls.o
LOAD usr/myvi.o
LOAD usr/ps.o
OUTPUT(kernel.elf elf32-tradlittlemips)
