
Allocating common symbols
Common symbol       size              file

pwd_dentry          0x4               kernel/vfs/vfs.o
p                   0x4               kernel/pc/sched.o
MBR                 0x4               kernel/vfs/vfs.o
interrupts          0x20              arch/mips32/intr.o
tasks               0x8               kernel/pc/sched.o
my_cfs_rq           0x38              kernel/pc/sched.o
kernel_start_pfn    0x4               kernel/mm/mybuddy.o
dir_data_buf        0x820             kernel/fs/fat/fat.o
cursor_col          0x4               kernel/driver/vga.o
shell               0x4               kernel/pc/sched.o
root_dentry         0x4               kernel/vfs/vfs.o
cursor_location     0x4               usr/myvi.o
tempp               0x4               kernel/vfs/fat32.o
bootmmmap           0x8000            kernel/mm/mybootmm.o
fat_info            0x418             kernel/fs/fat/fat.o
file_create         0x4150            kernel/fs/fat/usr.o
last_pid            0x4               kernel/pc/pid.o
root_mnt            0x4               kernel/vfs/vfs.o
is_new_file         0x4               usr/myvi.o
syscalls            0x400             kernel/syscall/syscall.o
bmm                 0x90              kernel/mm/mybootmm.o
cursor_row          0x4               kernel/driver/vga.o
page_end            0x4               usr/myvi.o
filename            0x4               usr/myvi.o
ps_buffer_index     0x4               usr/ps.o
pwd_mnt             0x4               kernel/vfs/vfs.o
file                0x4150            usr/exec.o
dcache              0x4               kernel/vfs/vfscache.o
firstusercode_start
                    0x4               kernel/mm/mybootmm.o
filename11          0xd               kernel/fs/fat/fat.o
mode                0x4               usr/myvi.o
pcache              0x4               kernel/vfs/vfscache.o
wait                0x8               kernel/pc/sched.o
buffer              0x1000            usr/myvi.o
idle_task           0x4               kernel/pc/sched.o
mk_dir_buf          0x20              kernel/fs/fat/usr.o
exited              0x8               kernel/pc/sched.o
err                 0x4               usr/myvi.o
new_alloc_empty     0x1000            kernel/fs/fat/fat.o
pre_cursor_freq     0x4               usr/myvi.o
pid_map             0x1004            kernel/pc/pid.o
lk                  0xc               usr/ps.o
exceptions          0x80              arch/mips32/exc.o
kernel_end_pfn      0x4               kernel/mm/mybuddy.o
buddy               0x78              kernel/mm/mybuddy.o
firstusercode_len   0x4               kernel/mm/mybootmm.o
dir_find            0x4150            kernel/fs/fat/dir.o
fat_buf             0x410             kernel/fs/fat/fat.o
icache              0x4               kernel/vfs/vfscache.o
pages               0x4               kernel/mm/mybuddy.o
kmalloc_caches      0x390             kernel/mm/myslab.o
ps_buffer           0x40              usr/ps.o

Discarded input sections

 .reginfo       0x0000000000000000       0x18 arch/mips32/start.o
 .reginfo       0x0000000000000000       0x18 arch/mips32/arch.o
 .MIPS.abiflags
                0x0000000000000000       0x18 arch/mips32/arch.o
 .reginfo       0x0000000000000000       0x18 arch/mips32/exc.o
 .MIPS.abiflags
                0x0000000000000000       0x18 arch/mips32/exc.o
 .reginfo       0x0000000000000000       0x18 arch/mips32/intr.o
 .MIPS.abiflags
                0x0000000000000000       0x18 arch/mips32/intr.o
 .reginfo       0x0000000000000000       0x18 arch/mips32/page.o
 .MIPS.abiflags
                0x0000000000000000       0x18 arch/mips32/page.o
 .reginfo       0x0000000000000000       0x18 kernel/driver/ps2.o
 .MIPS.abiflags
                0x0000000000000000       0x18 kernel/driver/ps2.o
 .reginfo       0x0000000000000000       0x18 kernel/driver/sd.o
 .MIPS.abiflags
                0x0000000000000000       0x18 kernel/driver/sd.o
 .reginfo       0x0000000000000000       0x18 kernel/driver/vga.o
 .MIPS.abiflags
                0x0000000000000000       0x18 kernel/driver/vga.o
 .reginfo       0x0000000000000000       0x18 kernel/fs/fat/debug.o
 .MIPS.abiflags
                0x0000000000000000       0x18 kernel/fs/fat/debug.o
 .reginfo       0x0000000000000000       0x18 kernel/fs/fat/dir.o
 .MIPS.abiflags
                0x0000000000000000       0x18 kernel/fs/fat/dir.o
 .reginfo       0x0000000000000000       0x18 kernel/fs/fat/fat.o
 .MIPS.abiflags
                0x0000000000000000       0x18 kernel/fs/fat/fat.o
 .reginfo       0x0000000000000000       0x18 kernel/fs/fat/usr.o
 .MIPS.abiflags
                0x0000000000000000       0x18 kernel/fs/fat/usr.o
 .reginfo       0x0000000000000000       0x18 kernel/fs/fat/utils.o
 .MIPS.abiflags
                0x0000000000000000       0x18 kernel/fs/fat/utils.o
 .reginfo       0x0000000000000000       0x18 kernel/fs/fscache/fscache.o
 .MIPS.abiflags
                0x0000000000000000       0x18 kernel/fs/fscache/fscache.o
 .reginfo       0x0000000000000000       0x18 kernel/init.o
 .MIPS.abiflags
                0x0000000000000000       0x18 kernel/init.o
 .reginfo       0x0000000000000000       0x18 kernel/lock/lock.o
 .MIPS.abiflags
                0x0000000000000000       0x18 kernel/lock/lock.o
 .reginfo       0x0000000000000000       0x18 kernel/mm/mybootmm.o
 .MIPS.abiflags
                0x0000000000000000       0x18 kernel/mm/mybootmm.o
 .reginfo       0x0000000000000000       0x18 kernel/mm/mybuddy.o
 .MIPS.abiflags
                0x0000000000000000       0x18 kernel/mm/mybuddy.o
 .reginfo       0x0000000000000000       0x18 kernel/mm/myslab.o
 .MIPS.abiflags
                0x0000000000000000       0x18 kernel/mm/myslab.o
 .reginfo       0x0000000000000000       0x18 kernel/pc/pid.o
 .MIPS.abiflags
                0x0000000000000000       0x18 kernel/pc/pid.o
 .reginfo       0x0000000000000000       0x18 kernel/pc/rbtree.o
 .MIPS.abiflags
                0x0000000000000000       0x18 kernel/pc/rbtree.o
 .reginfo       0x0000000000000000       0x18 kernel/pc/sched.o
 .MIPS.abiflags
                0x0000000000000000       0x18 kernel/pc/sched.o
 .reginfo       0x0000000000000000       0x18 kernel/pc/sched_fair.o
 .MIPS.abiflags
                0x0000000000000000       0x18 kernel/pc/sched_fair.o
 .reginfo       0x0000000000000000       0x18 kernel/pc/switch.o
 .MIPS.abiflags
                0x0000000000000000       0x18 kernel/pc/switch.o
 .reginfo       0x0000000000000000       0x18 kernel/syscall/syscall.o
 .MIPS.abiflags
                0x0000000000000000       0x18 kernel/syscall/syscall.o
 .reginfo       0x0000000000000000       0x18 kernel/syscall/syscall4.o
 .MIPS.abiflags
                0x0000000000000000       0x18 kernel/syscall/syscall4.o
 .reginfo       0x0000000000000000       0x18 kernel/time/time.o
 .MIPS.abiflags
                0x0000000000000000       0x18 kernel/time/time.o
 .reginfo       0x0000000000000000       0x18 kernel/vfs/ext2.o
 .MIPS.abiflags
                0x0000000000000000       0x18 kernel/vfs/ext2.o
 .reginfo       0x0000000000000000       0x18 kernel/vfs/fat32.o
 .MIPS.abiflags
                0x0000000000000000       0x18 kernel/vfs/fat32.o
 .reginfo       0x0000000000000000       0x18 kernel/vfs/mount.o
 .MIPS.abiflags
                0x0000000000000000       0x18 kernel/vfs/mount.o
 .reginfo       0x0000000000000000       0x18 kernel/vfs/open.o
 .MIPS.abiflags
                0x0000000000000000       0x18 kernel/vfs/open.o
 .reginfo       0x0000000000000000       0x18 kernel/vfs/read_write.o
 .MIPS.abiflags
                0x0000000000000000       0x18 kernel/vfs/read_write.o
 .reginfo       0x0000000000000000       0x18 kernel/vfs/usr.o
 .MIPS.abiflags
                0x0000000000000000       0x18 kernel/vfs/usr.o
 .reginfo       0x0000000000000000       0x18 kernel/vfs/utils.o
 .MIPS.abiflags
                0x0000000000000000       0x18 kernel/vfs/utils.o
 .reginfo       0x0000000000000000       0x18 kernel/vfs/vfs.o
 .MIPS.abiflags
                0x0000000000000000       0x18 kernel/vfs/vfs.o
 .reginfo       0x0000000000000000       0x18 kernel/vfs/vfscache.o
 .MIPS.abiflags
                0x0000000000000000       0x18 kernel/vfs/vfscache.o
 .reginfo       0x0000000000000000       0x18 kernel/vm/tlb.o
 .MIPS.abiflags
                0x0000000000000000       0x18 kernel/vm/tlb.o
 .reginfo       0x0000000000000000       0x18 kernel/vm/vm.o
 .MIPS.abiflags
                0x0000000000000000       0x18 kernel/vm/vm.o
 .reginfo       0x0000000000000000       0x18 utils/assert.o
 .MIPS.abiflags
                0x0000000000000000       0x18 utils/assert.o
 .reginfo       0x0000000000000000       0x18 utils/log.o
 .MIPS.abiflags
                0x0000000000000000       0x18 utils/log.o
 .reginfo       0x0000000000000000       0x18 utils/utils.o
 .MIPS.abiflags
                0x0000000000000000       0x18 utils/utils.o
 .reginfo       0x0000000000000000       0x18 usr/exec.o
 .MIPS.abiflags
                0x0000000000000000       0x18 usr/exec.o
 .reginfo       0x0000000000000000       0x18 usr/ls.o
 .MIPS.abiflags
                0x0000000000000000       0x18 usr/ls.o
 .reginfo       0x0000000000000000       0x18 usr/myvi.o
 .MIPS.abiflags
                0x0000000000000000       0x18 usr/myvi.o
 .reginfo       0x0000000000000000       0x18 usr/ps.o
 .MIPS.abiflags
                0x0000000000000000       0x18 usr/ps.o

Memory Configuration

Name             Origin             Length             Attributes
*default*        0x0000000000000000 0xffffffffffffffff

Linker script and memory map

                0x0000000080020000                . = 0x80020000

.interp
 *(.interp)

.gnu.version
 *(.gnu.version)

.gnu.version_d
 *(.gnu.version_d)

.gnu.version_r
 *(.gnu.version_r)

.rel.dyn        0x0000000080020000        0x0
 .rel.dyn       0x0000000080020000        0x0 kernel/vfs/ext2.o

.rel.init
 *(.rel.init)

.rela.init
 *(.rela.init)

.rel.text
 *(.rel.text)
 *(.rel.text.*)
 *(.rel.gnu.linkonce.t*)

.rela.text
 *(.rela.text)
 *(.rela.text.*)
 *(.rela.gnu.linkonce.t*)

.rel.fini
 *(.rel.fini)

.rela.fini
 *(.rela.fini)

.rel.rodata
 *(.rel.rodata)
 *(.rel.rodata.*)
 *(.rel.gnu.linkonce.r*)

.rela.rodata
 *(.rela.rodata)
 *(.rela.rodata.*)
 *(.rela.gnu.linkonce.r*)

.rel.data
 *(.rel.data)
 *(.rel.data.*)
 *(.rel.gnu.linkonce.d*)

.rela.data
 *(.rela.data)
 *(.rela.data.*)
 *(.rela.gnu.linkonce.d*)

.rel.ctors
 *(.rel.ctors)

.rela.ctors
 *(.rela.ctors)

.rel.dtors
 *(.rel.dtors)

.rela.dtors
 *(.rela.dtors)

.rel.got
 *(.rel.got)

.rela.got
 *(.rela.got)

.rel.sdata
 *(.rel.sdata)
 *(.rel.sdata1)
 *(.rel.sdata.*)
 *(.rel.gnu.linkonce.s*)

.rela.sdata
 *(.rela.sdata)
 *(.rela.sdata1)
 *(.rela.sdata.*)
 *(.rela.gnu.linkonce.s*)

.rel.sbss
 *(.rel.sbss)

.rela.sbss
 *(.rela.sbss)

.rel.sdata2
 *(.rel.sdata2)

.rela.sdata2
 *(.rela.sdata2)

.rel.sbss2
 *(.rel.sbss2)

.rela.sbss2
 *(.rela.sbss2)

.rel.bss
 *(.rel.bss)

.rela.bss
 *(.rela.bss)

.rel.plt
 *(.rel.plt)

.rela.plt
 *(.rela.plt)

.plt
 *(.plt)
                0x0000000080000000                . = 0x80000000

.text           0x0000000080000000    0x1f754
                0x0000000080000000                _ftext = .
 *(.text)
 .text          0x0000000080000000     0x1014 arch/mips32/start.o
                0x0000000080000000                exception
                0x00000000800002d0                restore_context
                0x0000000080001000                start
 .text          0x0000000080001014       0x24 arch/mips32/arch.o
                0x0000000080001014                get_phymm_size
 .text          0x0000000080001038      0x824 arch/mips32/exc.o
                0x0000000080001038                tlb_refill
                0x0000000080001698                do_exceptions
                0x00000000800017d8                register_exception_handler
                0x000000008000182c                init_exception
 .text          0x000000008000185c      0x200 arch/mips32/intr.o
                0x000000008000185c                init_interrupts
                0x0000000080001894                enable_interrupts
                0x00000000800018d0                disable_interrupts
                0x0000000080001910                do_interrupts
                0x00000000800019e4                register_interrupt_handler
 .text          0x0000000080001a5c       0x64 arch/mips32/page.o
                0x0000000080001a5c                init_pgtable
 .text          0x0000000080001ac0      0x5d4 kernel/driver/ps2.o
                0x0000000080001ac0                init_buffer
                0x0000000080001b48                init_ps2
                0x0000000080001ba4                ps2_handler
                0x0000000080001ea0                kernel_getkey
                0x0000000080001f50                kernel_scantoascii
                0x0000000080001ff4                sleep
                0x0000000080002034                kernel_getchar
 .text          0x0000000080002094      0x490 kernel/driver/sd.o
                0x0000000080002144                sd_read_sector_blocking
                0x000000008000227c                sd_write_sector_blocking
                0x00000000800023bc                sd_read_block
                0x0000000080002470                sd_write_block
 .text          0x0000000080002524      0x9a8 kernel/driver/vga.o
                0x0000000080002524                kernel_set_cursor
                0x000000008000257c                init_vga
                0x00000000800025d0                kernel_clear_screen
                0x0000000080002648                kernel_scroll_screen
                0x00000000800026e8                kernel_putchar_at
                0x0000000080002794                kernel_putchar
                0x0000000080002980                kernel_puts
                0x0000000080002a04                kernel_putint
                0x0000000080002b64                kernel_putintx
                0x0000000080002c2c                kernel_vprintf
                0x0000000080002e68                kernel_printf
 .text          0x0000000080002ecc        0x0 kernel/fs/fat/debug.o
 .text          0x0000000080002ecc      0x640 kernel/fs/fat/dir.o
                0x0000000080002ecc                fs_open_dir
                0x0000000080003128                fs_read_dir
 .text          0x000000008000350c     0x2d2c kernel/fs/fat/fat.o
                0x000000008000350c                init_fat_info
                0x0000000080003844                init_fat_buf
                0x00000000800038e0                init_dir_buf
                0x000000008000397c                init_fs
                0x00000000800039f4                write_fat_sector
                0x0000000080003bcc                read_fat_sector
                0x0000000080003da0                fs_next_slash
                0x0000000080004038                fs_cmp_filename
                0x00000000800040c0                fs_find
                0x00000000800045c4                fs_open
                0x0000000080004758                fs_fflush
                0x00000000800048cc                fs_close
                0x0000000080004a70                fs_read
                0x0000000080004e30                fs_next_free
                0x0000000080004f00                fs_alloc
                0x00000000800050e8                fs_write
                0x0000000080005720                fs_lseek
                0x000000008000578c                fs_find_empty_entry
                0x0000000080005af8                fs_create_with_attr
                0x0000000080005f54                fs_create
                0x0000000080005f90                get_filename
 .text          0x0000000080006238      0x7f0 kernel/fs/fat/usr.o
                0x0000000080006238                fs_rm
                0x000000008000637c                fs_mv
                0x000000008000658c                fs_mkdir
                0x0000000080006930                fs_cat
 .text          0x0000000080006a28      0x468 kernel/fs/fat/utils.o
                0x0000000080006a28                fs_wa
                0x0000000080006a84                get_entry_filesize
                0x0000000080006ac4                get_entry_attr
                0x0000000080006af4                get_start_cluster
                0x0000000080006b30                get_fat_entry_value
                0x0000000080006c00                fs_modify_fat
                0x0000000080006d44                cluster_to_fat_entry
                0x0000000080006dc0                fs_dataclus2sec
                0x0000000080006e28                fs_sec2dataclus
 .text          0x0000000080006e90      0xcd8 kernel/fs/fscache/fscache.o
                0x0000000080006e90                fs_victim_4k
                0x00000000800070e4                fs_write_4k
                0x000000008000719c                fs_read_4k
                0x00000000800073c0                fs_clr_4k
                0x0000000080007514                fs_victim_512
                0x0000000080007768                fs_write_512
                0x0000000080007814                fs_read_512
                0x0000000080007a28                fs_clr_512
 .text          0x0000000080007b68      0x248 kernel/init.o
                0x0000000080007b68                machine_info
                0x0000000080007bf4                init_kernel
 .text          0x0000000080007db0      0x150 kernel/lock/lock.o
                0x0000000080007df0                init_lock
                0x0000000080007e3c                lockup
                0x0000000080007e98                unlock
 .text          0x0000000080007f00     0x102c kernel/mm/mybootmm.o
                0x0000000080007f00                set_mminfo
                0x0000000080007f58                insert_mminfo
                0x00000000800082c0                split_mminfo
                0x00000000800084b0                remove_mminfo
                0x00000000800085b8                init_bootmm
                0x000000008000870c                set_maps
                0x0000000080008788                find_pages
                0x0000000080008970                bootmm_alloc_pages
                0x0000000080008ac8                bootmap_info
                0x0000000080008bd4                bootmm_free_pages
 .text          0x0000000080008f2c      0xc44 kernel/mm/mybuddy.o
                0x00000000800090f8                buddy_info
                0x00000000800091f4                init_pages
                0x0000000080009330                init_buddy
                0x00000000800095dc                __free_pages
                0x000000008000986c                __alloc_pages
                0x0000000080009a50                alloc_pages
                0x0000000080009b0c                free_pages
 .text          0x0000000080009b70     0x1660 kernel/mm/myslab.o
                0x0000000080009dac                slab_info
                0x0000000080009ea4                kmem_cache_number
                0x000000008000a1cc                init_kmem_cpu
                0x000000008000a204                init_kmem_list3
                0x000000008000a274                init_kcache
                0x000000008000a36c                init_slab
                0x000000008000a4a8                slab_alloc
                0x000000008000a72c                slab_free
                0x000000008000a8f0                get_cache
                0x000000008000aa0c                get_cache_with_create
                0x000000008000aac8                phy_kmalloc_without_create_cache
                0x000000008000abdc                phy_kmalloc_with_create_cache
                0x000000008000acb4                kmalloc
                0x000000008000ad2c                kfree
                0x000000008000adec                kmem_cache_create
                0x000000008000af50                obj_cache_delete
                0x000000008000b010                kmem_cache_delete
                0x000000008000b090                kmalloc_object_pool
                0x000000008000b110                kfree_object_pool
 .text          0x000000008000b1d0      0x9dc kernel/pc/pid.o
                0x000000008000b4c4                pidmap_init
                0x000000008000b550                find_next_zero_bit
                0x000000008000b5fc                test_and_set_bit
                0x000000008000b684                alloc_pidmap
                0x000000008000b754                clear_bit
                0x000000008000b7d0                free_pidmap
                0x000000008000b834                pidhash_initial
                0x000000008000b8a4                find_pid
                0x000000008000b968                find_task_by_pid
                0x000000008000b9c4                attach_pid
                0x000000008000ba98                detach_pid
 .text          0x000000008000bbac     0x104c kernel/pc/rbtree.o
                0x000000008000be58                rb_insert_color
                0x000000008000c55c                rb_erase
                0x000000008000c860                rb_first
                0x000000008000c8c8                rb_last
                0x000000008000c930                rb_next
                0x000000008000ca0c                rb_prev
                0x000000008000cae8                rb_replace_node
 .text          0x000000008000cbf8     0x23fc kernel/pc/sched.o
                0x000000008000d548                testtest
                0x000000008000d978                sched_init
                0x000000008000dbb4                scheduler_tick
                0x000000008000dc30                task_fork
                0x000000008000de54                test_vm
                0x000000008000dfc8                test_vma
                0x000000008000e19c                loop
                0x000000008000e234                testwait
                0x000000008000e2a0                test
                0x000000008000e41c                execkwait
                0x000000008000e474                execk
                0x000000008000e53c                execvm
                0x000000008000e67c                do_exit
                0x000000008000e868                pc_kill
                0x000000008000e9d8                waitpid
                0x000000008000eb28                print_info
                0x000000008000ee3c                sys_prioiry
                0x000000008000ef08                sys_prioiry_pid
 .text          0x000000008000eff4     0x1260 kernel/pc/sched_fair.o
                0x000000008000fa4c                enqueue_task_fair
                0x000000008000fed0                check_preempt_wakeup
                0x000000008000ff94                task_new_fair
                0x00000000800100a0                task_tick_fair
                0x0000000080010108                put_prev_task_fair
                0x0000000080010170                pick_next_task_fair
                0x00000000800101dc                dequeu_task_fair
 .text          0x0000000080010254      0x130 kernel/pc/switch.o
                0x0000000080010254                switch_ex
                0x00000000800102f0                switch_wa
 .text          0x0000000080010384      0x14c kernel/syscall/syscall.o
                0x0000000080010384                init_syscall
                0x00000000800103d8                syscall
                0x000000008001047c                register_syscall
 .text          0x00000000800104d0       0x70 kernel/syscall/syscall4.o
                0x00000000800104d0                syscall4
 .text          0x0000000080010540      0x4c0 kernel/time/time.o
                0x0000000080010540                get_time_string
                0x0000000080010868                system_time_proc
                0x0000000080010974                get_time
 .text          0x0000000080010a00     0x311c kernel/vfs/ext2.o
                0x0000000080010b18                init_ext2
                0x0000000080011240                ext2_delete_inode
                0x0000000080011b10                ext2_write_inode
                0x0000000080011cd4                ext2_create
                0x0000000080011d08                ext2_inode_lookup
                0x0000000080012184                ext2_create_inode
                0x0000000080012cd4                ext2_readdir
                0x0000000080013164                ext2_readpage
                0x0000000080013280                ext2_writepage
                0x000000008001333c                ext2_bmap
                0x00000000800136b0                ext2_fill_inode
                0x00000000800138d8                ext2_check_inode_bitmap
                0x00000000800139f8                ext2_group_base_sect
 .text          0x0000000080013b1c     0x2858 kernel/vfs/fat32.o
                0x0000000080013c34                init_fat32
                0x0000000080014640                fat32_delete_inode
                0x0000000080014a08                fat32_write_inode
                0x0000000080014e04                fat32_inode_lookup
                0x0000000080015420                fat32_create
                0x0000000080015454                fat32_readdir
                0x0000000080015940                fat32_convert_filename
                0x00000000800160ac                fat32_readpage
                0x00000000800161ac                fat32_writepage
                0x0000000080016270                fat32_bmap
                0x00000000800162b0                read_fat
 .text          0x0000000080016374      0x598 kernel/vfs/mount.o
                0x0000000080016374                mount_ext2
                0x00000000800164b0                follow_mount
                0x000000008001658c                lookup_mnt
                0x0000000080016630                mount_fs
                0x0000000080016838                unmount_fs
 .text          0x000000008001690c     0x13dc kernel/vfs/open.o
                0x0000000080016a80                vfs_open
                0x0000000080016b38                open_namei
                0x0000000080016de4                __lookup_hash
                0x0000000080016ef8                path_lookup
                0x0000000080016fe0                link_path_walk
                0x0000000080017564                follow_dotdot
                0x00000000800176a0                do_lookup
                0x00000000800177ac                real_lookup
                0x0000000080017870                dentry_open
                0x000000008001798c                vfs_close
                0x00000000800179f0                d_alloc
                0x0000000080017c1c                delete_dentry
 .text          0x0000000080017ce8      0x7e8 kernel/vfs/read_write.o
                0x0000000080017dd8                vfs_read
                0x0000000080017e8c                vfs_write
                0x0000000080017f3c                generic_file_read_write
                0x00000000800182ec                page_to_cache
                0x000000008001841c                generic_file_flush
 .text          0x00000000800184d0      0x8c8 kernel/vfs/usr.o
                0x0000000080018548                vfs_cat
                0x00000000800186a8                vfs_vi
                0x00000000800186d0                vfs_cd
                0x0000000080018774                vfs_ls
                0x00000000800189fc                vfs_rm
                0x0000000080018ad0                vfs_mnt
                0x0000000080018ba8                vfs_umnt
                0x0000000080018c7c                vfs_create
 .text          0x0000000080018d98      0x448 kernel/vfs/utils.o
                0x0000000080018d98                read_block
                0x0000000080018de0                write_block
                0x0000000080018e28                get_u16
                0x0000000080018e78                get_u32
                0x0000000080018ee4                set_u16
                0x0000000080018f40                set_u32
                0x0000000080018fc4                generic_compare_filename
                0x0000000080019088                get_bit
                0x00000000800190f4                set_bit
                0x0000000080019164                reset_bit
 .text          0x00000000800191e0      0x334 kernel/vfs/vfs.o
                0x00000000800191e0                init_vfs
                0x00000000800193c8                vfs_read_MBR
 .text          0x0000000080019514      0xfdc kernel/vfs/vfscache.o
                0x00000000800196b8                init_cache
                0x0000000080019840                cache_init
                0x0000000080019920                cache_is_full
                0x0000000080019960                dcache_look_up
                0x0000000080019afc                dcache_add
                0x0000000080019bd8                dcache_put_LRU
                0x0000000080019da4                dcache_put
                0x0000000080019e5c                icache_look_up
                0x0000000080019e88                icache_add
                0x0000000080019eb4                icache_put_LRU
                0x0000000080019edc                pcache_look_up
                0x000000008001a054                pcache_add
                0x000000008001a130                pcache_put_LRU
                0x000000008001a200                pcache_write_back
                0x000000008001a254                dget
                0x000000008001a290                dput
                0x000000008001a2cc                iget
                0x000000008001a308                iput
                0x000000008001a344                release_dentry
                0x000000008001a380                release_inode
                0x000000008001a3bc                release_page
                0x000000008001a40c                __intHash
                0x000000008001a44c                __stringHash
 .text          0x000000008001a4f0       0x24 kernel/vm/tlb.o
                0x000000008001a4f0                set_tlb_asid
 .text          0x000000008001a514     0x1be8 kernel/vm/vm.o
                0x000000008001a634                rbTree_search
                0x000000008001ac28                insert_rbtree_color
                0x000000008001ae34                insert_rbtree
                0x000000008001afcc                delete_rbtree
                0x000000008001b2c0                mm_rb_first
                0x000000008001b328                mm_rb_last
                0x000000008001b390                mm_rb_next
                0x000000008001b43c                mm_rb_prev
                0x000000008001b4e8                mm_rb_replace_node
                0x000000008001b5e8                mm_create
                0x000000008001b6dc                mm_delete
                0x000000008001b738                pgd_delete
                0x000000008001b85c                memset
                0x000000008001b8e8                find_vma_and_prev
                0x000000008001b998                get_unmapped_area
                0x000000008001bb28                find_vma
                0x000000008001bc84                create_vma
                0x000000008001bd50                do_mmap
                0x000000008001bf40                do_unmmap
                0x000000008001bf9c                exit_mmap
                0x000000008001c06c                is_in_vma
 .text          0x000000008001c0fc       0x60 utils/assert.o
                0x000000008001c0fc                assert
 .text          0x000000008001c15c      0x27c utils/log.o
                0x000000008001c15c                log_level_adv
                0x000000008001c19c                log_level_rec
                0x000000008001c1d8                log
                0x000000008001c35c                step
                0x000000008001c3b0                step_reset
 .text          0x000000008001c3d8      0x38c utils/utils.o
                0x000000008001c3d8                kernel_memcpy
                0x000000008001c45c                kernel_memset
                0x000000008001c490                kernel_memset_word
                0x000000008001c4f0                kernel_strcmp
                0x000000008001c578                kernel_strcpy
                0x000000008001c5d4                pow
                0x000000008001c644                kernel_cache
                0x000000008001c68c                kernel_serial_puts
                0x000000008001c6e8                kernel_serial_putc
                0x000000008001c724                is_bound
 .text          0x000000008001c764      0x1d0 usr/exec.o
                0x000000008001c764                exec
 .text          0x000000008001c934      0x370 usr/ls.o
                0x000000008001c934                cut_front_blank
                0x000000008001ca00                strlen
                0x000000008001ca58                each_param
                0x000000008001cb18                ls
 .text          0x000000008001cca4     0x13b4 usr/myvi.o
                0x000000008001cd1c                myvi_init
                0x000000008001cd98                to_lower_case
                0x000000008001cdf8                mystrcpy
                0x000000008001ce54                load_file
                0x000000008001d06c                save_file
                0x000000008001d160                insert_key
                0x000000008001d230                delete_key
                0x000000008001d2c8                put_char_on_screen
                0x000000008001d340                screen_flush
                0x000000008001d74c                get_key
                0x000000008001d780                page_location_last_line
                0x000000008001d820                page_location_next_line
                0x000000008001d8b8                cursor_prev_line
                0x000000008001d990                cursor_next_line
                0x000000008001da2c                do_command_mode
                0x000000008001dc54                do_insert_mode
                0x000000008001dd6c                do_last_line_mode
                0x000000008001df40                myvi
 .text          0x000000008001e058     0x16fc usr/ps.o
                0x000000008001e058                test_proc
                0x000000008001e0cc                testMem
                0x000000008001e2b4                testMem2
                0x000000008001e4a4                testMem3
                0x000000008001e8c4                test_sync
                0x000000008001e970                sync_demo_create
                0x000000008001e994                ps
                0x000000008001ebe0                parse_cmd
 *(.text.*)
 *(.stub)
 *(.gnu.warning)
 *(.gnu.linkonce.t*)
 *(.mips16.fn.*)
 *(.mips16.call.*)
                0x000000008001f754                _ecode = .

.init
 *(.init)

.fini
 *(.fini)

.rodata         0x000000008001f754     0x2b35
 *(.rodata)
 .rodata        0x000000008001f754      0x398 arch/mips32/exc.o
 .rodata        0x000000008001faec      0x140 arch/mips32/intr.o
 .rodata        0x000000008001fc2c      0x140 kernel/driver/ps2.o
 .rodata        0x000000008001fd6c      0x140 kernel/driver/sd.o
 .rodata        0x000000008001feac       0x11 kernel/driver/vga.o
 *fill*         0x000000008001febd        0x3 
 .rodata        0x000000008001fec0       0xa7 kernel/fs/fat/fat.o
 *fill*         0x000000008001ff67        0x1 
 .rodata        0x000000008001ff68       0x18 kernel/fs/fat/usr.o
 .rodata        0x000000008001ff80      0x213 kernel/init.o
 *fill*         0x0000000080020193        0x1 
 .rodata        0x0000000080020194      0x140 kernel/lock/lock.o
 .rodata        0x00000000800202d4       0xd3 kernel/mm/mybootmm.o
 *fill*         0x00000000800203a7        0x1 
 .rodata        0x00000000800203a8       0x83 kernel/mm/mybuddy.o
 *fill*         0x000000008002042b        0x1 
 .rodata        0x000000008002042c      0x161 kernel/mm/myslab.o
 *fill*         0x000000008002058d        0x3 
 .rodata        0x0000000080020590      0x14f kernel/pc/pid.o
 *fill*         0x00000000800206df        0x1 
 .rodata        0x00000000800206e0      0x6db kernel/pc/sched.o
 *fill*         0x0000000080020dbb        0x1 
 .rodata        0x0000000080020dbc      0x1db kernel/pc/sched_fair.o
 *fill*         0x0000000080020f97        0x1 
 .rodata        0x0000000080020f98      0x140 kernel/syscall/syscall.o
 .rodata        0x00000000800210d8      0x153 kernel/syscall/syscall4.o
 *fill*         0x000000008002122b        0x1 
 .rodata        0x000000008002122c      0x178 kernel/time/time.o
 .rodata        0x00000000800213a4      0x1f2 kernel/vfs/ext2.o
 *fill*         0x0000000080021596        0x2 
 .rodata        0x0000000080021598        0xa kernel/vfs/fat32.o
 *fill*         0x00000000800215a2        0x2 
 .rodata        0x00000000800215a4       0x12 kernel/vfs/mount.o
 *fill*         0x00000000800215b6        0x2 
 .rodata        0x00000000800215b8       0x11 kernel/vfs/open.o
 *fill*         0x00000000800215c9        0x3 
 .rodata        0x00000000800215cc       0x99 kernel/vfs/usr.o
 *fill*         0x0000000080021665        0x3 
 .rodata        0x0000000080021668       0x5e kernel/vfs/vfs.o
 *fill*         0x00000000800216c6        0x2 
 .rodata        0x00000000800216c8      0x18b kernel/vm/vm.o
 *fill*         0x0000000080021853        0x1 
 .rodata        0x0000000080021854       0x14 utils/assert.o
 .rodata        0x0000000080021868       0x77 utils/log.o
 *fill*         0x00000000800218df        0x1 
 .rodata        0x00000000800218e0      0x153 usr/exec.o
 *fill*         0x0000000080021a33        0x1 
 .rodata        0x0000000080021a34       0x37 usr/ls.o
 *fill*         0x0000000080021a6b        0x1 
 .rodata        0x0000000080021a6c      0x296 usr/myvi.o
 *fill*         0x0000000080021d02        0x2 
 .rodata        0x0000000080021d04      0x585 usr/ps.o
 *(.rodata.*)
 *(.gnu.linkonce.r*)

.MIPS.abiflags  0x0000000080022290       0x18
 .MIPS.abiflags
                0x0000000080022290       0x18 arch/mips32/start.o

.rodata1
 *(.rodata1)

.sdata2
 *(.sdata2)

.sbss2
 *(.sbss2)

.sdeinit
 *(.sdeinit)

.sdefini
 *(.sdefini)

.eh_frame
 *(.eh_frame)

.gcc_except_table
 *(.gcc_except_table)

.ctors
 *crt0.o(.ctors)
 *crtbegin.o(.ctors)
 *crtbeginS.o(.ctors)
 *(EXCLUDE_FILE(*crtn.o *crtendS.o *crtend.o) .ctors)
 *(SORT(.ctors.*))
 *(.ctors)

.dtors
 *crt0.o(.dtors)
 *crtbegin.o(.dtors)
 *crtbeginS.o(.dtors)
 *(EXCLUDE_FILE(*crtn.o *crtendS.o *crtend.o) .dtors)
 *(SORT(.dtors.*))
 *(.dtors)

.dynamic
 *(.dynamic)

.dynsym
 *(.dynsym)

.hash
 *(.hash)

.dynstr
 *(.dynstr)
                0x00000000800222a8                __etext = .
                0x00000000800222a8                _etext = .
                [!provide]                        PROVIDE (etext, .)
                0x00000000800222a8                . = ALIGN (0x8)

.data           0x00000000800222a8      0x1e0
                0x00000000800222a8                _fdata = .
 *(.data)
 .data          0x00000000800222a8        0x0 arch/mips32/start.o
 .data          0x00000000800222a8        0x0 arch/mips32/arch.o
 .data          0x00000000800222a8        0x0 arch/mips32/exc.o
 .data          0x00000000800222a8        0x0 arch/mips32/intr.o
 .data          0x00000000800222a8        0x0 arch/mips32/page.o
 .data          0x00000000800222a8      0x100 kernel/driver/ps2.o
                0x00000000800222a8                scantoascii_uppercase
                0x0000000080022328                scantoascii_lowercase
 .data          0x00000000800223a8        0x0 kernel/driver/sd.o
 .data          0x00000000800223a8        0x0 kernel/driver/vga.o
 .data          0x00000000800223a8        0x0 kernel/fs/fat/debug.o
 .data          0x00000000800223a8        0x0 kernel/fs/fat/dir.o
 .data          0x00000000800223a8        0x0 kernel/fs/fat/fat.o
 .data          0x00000000800223a8        0x0 kernel/fs/fat/usr.o
 .data          0x00000000800223a8        0x0 kernel/fs/fat/utils.o
 .data          0x00000000800223a8        0x0 kernel/fs/fscache/fscache.o
 .data          0x00000000800223a8        0x0 kernel/init.o
 .data          0x00000000800223a8        0x0 kernel/lock/lock.o
 .data          0x00000000800223a8       0x1c kernel/mm/mybootmm.o
                0x00000000800223a8                mem_msg
 .data          0x00000000800223c4        0x0 kernel/mm/mybuddy.o
 .data          0x00000000800223c4       0x30 kernel/mm/myslab.o
 .data          0x00000000800223f4        0x0 kernel/pc/pid.o
 .data          0x00000000800223f4        0x0 kernel/pc/rbtree.o
 .data          0x00000000800223f4        0x0 kernel/pc/sched.o
 .data          0x00000000800223f4        0x0 kernel/pc/sched_fair.o
 .data          0x00000000800223f4        0x0 kernel/pc/switch.o
 .data          0x00000000800223f4        0x0 kernel/syscall/syscall.o
 .data          0x00000000800223f4        0x0 kernel/syscall/syscall4.o
 .data          0x00000000800223f4        0x0 kernel/time/time.o
 .data          0x00000000800223f4       0x2c kernel/vfs/ext2.o
                0x00000000800223f4                ext2_inode_operations
                0x0000000080022404                ext2_file_operations
                0x0000000080022414                ext2_address_space_operations
 .data          0x0000000080022420       0x2c kernel/vfs/fat32.o
                0x0000000080022420                fat32_inode_operations
                0x0000000080022430                fat32_file_operations
                0x0000000080022440                fat32_address_space_operations
 .data          0x000000008002244c        0x0 kernel/vfs/mount.o
 .data          0x000000008002244c        0x0 kernel/vfs/open.o
 .data          0x000000008002244c        0x0 kernel/vfs/read_write.o
 .data          0x000000008002244c        0x0 kernel/vfs/usr.o
 .data          0x000000008002244c        0x0 kernel/vfs/utils.o
 .data          0x000000008002244c        0x0 kernel/vfs/vfs.o
 .data          0x000000008002244c       0x3c kernel/vfs/vfscache.o
                0x000000008002244c                dentry_cache_operations
                0x0000000080022460                inode_cache_operations
                0x0000000080022474                page_cache_operations
 .data          0x0000000080022488        0x0 kernel/vm/tlb.o
 .data          0x0000000080022488        0x0 kernel/vm/vm.o
 .data          0x0000000080022488        0x0 utils/assert.o
 .data          0x0000000080022488        0x0 utils/log.o
 .data          0x0000000080022488        0x0 utils/utils.o
 .data          0x0000000080022488        0x0 usr/exec.o
 .data          0x0000000080022488        0x0 usr/ls.o
 .data          0x0000000080022488        0x0 usr/myvi.o
 .data          0x0000000080022488        0x0 usr/ps.o
 *(.data.*)
 *(.gnu.linkonce.d*)

.data1
 *(.data1)
                0x000000008002a480                _gp = (ALIGN (0x10) + 0x7ff0)

.got
 *(.got.plt)
 *(.got)

.sdata          0x0000000080022488       0x90
 *(.sdata)
 .sdata         0x0000000080022488       0x34 arch/mips32/arch.o
                0x0000000080022488                CHAR_VRAM
                0x000000008002248c                GRAPHIC_VRAM
                0x0000000080022490                GPIO_SWITCH
                0x0000000080022494                GPIO_BUTTON
                0x0000000080022498                GPIO_SEG
                0x000000008002249c                GPIO_LED
                0x00000000800224a0                GPIO_PS2_DATA
                0x00000000800224a4                GPIO_PS2_CTRL
                0x00000000800224a8                GPIO_UART_DATA
                0x00000000800224ac                GPIO_UART_CTRL
                0x00000000800224b0                GPIO_CURSOR
                0x00000000800224b4                VGA_MODE
                0x00000000800224b8                kernel_sp
 .sdata         0x00000000800224bc        0x4 kernel/driver/ps2.o
 .sdata         0x00000000800224c0        0x8 kernel/driver/sd.o
 .sdata         0x00000000800224c8       0x18 kernel/driver/vga.o
                0x00000000800224c8                VGA_CHAR_MAX_ROW
                0x00000000800224cc                VGA_CHAR_MAX_COL
                0x00000000800224d0                VGA_CHAR_ROW
                0x00000000800224d4                VGA_CHAR_COL
                0x00000000800224d8                cursor_freq
 .sdata         0x00000000800224e0        0x4 kernel/pc/pid.o
 .sdata         0x00000000800224e4       0x10 kernel/pc/sched_fair.o
                0x00000000800224e4                sysctl_sched_latency
                0x00000000800224e8                sysctl_sched_min_granularity
                0x00000000800224ec                sysctl_sched_wakeup_granularity
 .sdata         0x00000000800224f4        0xd kernel/vfs/ext2.o
                0x00000000800224f4                ext2_super_operations
                0x00000000800224fc                ext2_dentry_operations
 *fill*         0x0000000080022501        0x3 
 .sdata         0x0000000080022504        0xd kernel/vfs/fat32.o
                0x0000000080022504                fat32_super_operations
                0x000000008002250c                fat32_dentry_operations
 .sdata         0x0000000080022511        0x1 kernel/vfs/mount.o
 *fill*         0x0000000080022512        0x2 
 .sdata         0x0000000080022514        0x4 usr/exec.o
                0x0000000080022514                CACHE_BLOCK_SIZE
 *(.sdata1)
 *(.sdata.*)
 *(.gnu.linkonce.s.*)

.lit8
 *(.lit8)

.lit4
 *(.lit4)
                0x0000000080022518                . = ALIGN (0x8)
                0x0000000080022518                _edata = .
                [!provide]                        PROVIDE (edata, .)
                0x0000000080022518                __bss_start = .
                [!provide]                        PROVIDE (__edata, .)
                0x0000000080022518                _fbss = .

.sbss           0x0000000080022518       0xd8
                0x0000000080022518                __sbss_start = .
                0x0000000080022518                ___sbss_start = .
 *(.dynsbss)
 *(.sbss)
 .sbss          0x0000000080022518        0x8 arch/mips32/exc.o
                0x0000000080022518                count
                0x000000008002251c                exl
 .sbss          0x0000000080022520       0x14 kernel/driver/ps2.o
 .sbss          0x0000000080022534        0x8 kernel/fs/fat/fat.o
                0x0000000080022534                fat_clock_head
                0x0000000080022538                dir_data_clock_head
 .sbss          0x000000008002253c        0x4 kernel/mm/myslab.o
 .sbss          0x0000000080022540       0x14 kernel/pc/sched.o
                0x0000000080022540                current_task
                0x0000000080022544                countx
                0x0000000080022548                times
                0x000000008002254c                waits
                0x0000000080022550                total
 .sbss          0x0000000080022554        0x8 utils/log.o
                0x0000000080022554                gstep
 .sbss          0x000000008002255c        0xc usr/myvi.o
                0x000000008002255c                inst_len
                0x0000000080022560                size
                0x0000000080022564                page_location
 *(.sbss.*)
 *(.scommon)
 .scommon       0x0000000080022568        0x8 kernel/driver/vga.o
                0x0000000080022568                cursor_col
                0x000000008002256c                cursor_row
 .scommon       0x0000000080022570        0x8 kernel/mm/mybootmm.o
                0x0000000080022570                firstusercode_start
                0x0000000080022574                firstusercode_len
 .scommon       0x0000000080022578        0xc kernel/mm/mybuddy.o
                0x0000000080022578                kernel_start_pfn
                0x000000008002257c                kernel_end_pfn
                0x0000000080022580                pages
 .scommon       0x0000000080022584        0x4 kernel/pc/pid.o
                0x0000000080022584                last_pid
 .scommon       0x0000000080022588       0x24 kernel/pc/sched.o
                0x0000000080022588                p
                0x000000008002258c                tasks
                0x0000000080022594                shell
                0x0000000080022598                wait
                0x00000000800225a0                idle_task
                0x00000000800225a4                exited
 .scommon       0x00000000800225ac        0x4 kernel/vfs/fat32.o
                0x00000000800225ac                tempp
 .scommon       0x00000000800225b0       0x14 kernel/vfs/vfs.o
                0x00000000800225b0                pwd_dentry
                0x00000000800225b4                MBR
                0x00000000800225b8                root_dentry
                0x00000000800225bc                root_mnt
                0x00000000800225c0                pwd_mnt
 .scommon       0x00000000800225c4        0xc kernel/vfs/vfscache.o
                0x00000000800225c4                dcache
                0x00000000800225c8                pcache
                0x00000000800225cc                icache
 .scommon       0x00000000800225d0       0x1c usr/myvi.o
                0x00000000800225d0                cursor_location
                0x00000000800225d4                is_new_file
                0x00000000800225d8                page_end
                0x00000000800225dc                filename
                0x00000000800225e0                mode
                0x00000000800225e4                err
                0x00000000800225e8                pre_cursor_freq
 .scommon       0x00000000800225ec        0x4 usr/ps.o
                0x00000000800225ec                ps_buffer_index
                0x00000000800225f0                __sbss_end = .
                0x00000000800225f0                ___sbss_end = .

.bss            0x00000000800225f0    0x7d188
 *(.dynbss)
 *(.bss)
 .bss           0x00000000800225f0        0x0 arch/mips32/start.o
 .bss           0x00000000800225f0        0x0 arch/mips32/arch.o
 .bss           0x00000000800225f0        0x0 arch/mips32/exc.o
 .bss           0x00000000800225f0        0x0 arch/mips32/intr.o
 .bss           0x00000000800225f0        0x0 arch/mips32/page.o
 .bss           0x00000000800225f0      0x100 kernel/driver/ps2.o
 .bss           0x00000000800226f0        0x0 kernel/driver/sd.o
 .bss           0x00000000800226f0        0x0 kernel/driver/vga.o
 .bss           0x00000000800226f0        0x0 kernel/fs/fat/debug.o
 .bss           0x00000000800226f0        0x0 kernel/fs/fat/dir.o
 .bss           0x00000000800226f0        0x0 kernel/fs/fat/fat.o
 .bss           0x00000000800226f0        0x0 kernel/fs/fat/usr.o
 .bss           0x00000000800226f0        0x0 kernel/fs/fat/utils.o
 .bss           0x00000000800226f0        0x0 kernel/fs/fscache/fscache.o
 .bss           0x00000000800226f0        0x0 kernel/init.o
 .bss           0x00000000800226f0        0x0 kernel/lock/lock.o
 .bss           0x00000000800226f0        0x0 kernel/mm/mybootmm.o
 .bss           0x00000000800226f0        0x0 kernel/mm/mybuddy.o
 .bss           0x00000000800226f0        0x0 kernel/mm/myslab.o
 .bss           0x00000000800226f0    0x64210 kernel/pc/pid.o
 .bss           0x0000000080086900        0x0 kernel/pc/rbtree.o
 .bss           0x0000000080086900        0x0 kernel/pc/sched.o
 .bss           0x0000000080086900        0x0 kernel/pc/sched_fair.o
 .bss           0x0000000080086900        0x0 kernel/pc/switch.o
 .bss           0x0000000080086900        0x0 kernel/syscall/syscall.o
 .bss           0x0000000080086900        0x0 kernel/syscall/syscall4.o
 .bss           0x0000000080086900        0x0 kernel/time/time.o
 .bss           0x0000000080086900        0x0 kernel/vfs/ext2.o
 .bss           0x0000000080086900        0x0 kernel/vfs/fat32.o
 .bss           0x0000000080086900        0x0 kernel/vfs/mount.o
 .bss           0x0000000080086900        0x0 kernel/vfs/open.o
 .bss           0x0000000080086900        0x0 kernel/vfs/read_write.o
 .bss           0x0000000080086900        0x0 kernel/vfs/usr.o
 .bss           0x0000000080086900        0x0 kernel/vfs/utils.o
 .bss           0x0000000080086900        0x0 kernel/vfs/vfs.o
 .bss           0x0000000080086900        0x0 kernel/vfs/vfscache.o
 .bss           0x0000000080086900        0x0 kernel/vm/tlb.o
 .bss           0x0000000080086900        0x0 kernel/vm/vm.o
 .bss           0x0000000080086900        0x0 utils/assert.o
 .bss           0x0000000080086900        0x0 utils/log.o
 .bss           0x0000000080086900        0x0 utils/utils.o
 .bss           0x0000000080086900        0x0 usr/exec.o
 .bss           0x0000000080086900        0x0 usr/ls.o
 .bss           0x0000000080086900       0x50 usr/myvi.o
                0x0000000080086900                instruction
 .bss           0x0000000080086950        0x0 usr/ps.o
 *(.bss.*)
 *(COMMON)
 COMMON         0x0000000080086950       0x80 arch/mips32/exc.o
                0x0000000080086950                exceptions
 COMMON         0x00000000800869d0       0x20 arch/mips32/intr.o
                0x00000000800869d0                interrupts
 COMMON         0x00000000800869f0     0x4150 kernel/fs/fat/dir.o
                0x00000000800869f0                dir_find
 COMMON         0x000000008008ab40     0x2058 kernel/fs/fat/fat.o
                0x000000008008ab40                dir_data_buf
                0x000000008008b360                fat_info
                0x000000008008b778                filename11
                0x000000008008b788                new_alloc_empty
                0x000000008008c788                fat_buf
 COMMON         0x000000008008cb98     0x4170 kernel/fs/fat/usr.o
                0x000000008008cb98                file_create
                0x0000000080090ce8                mk_dir_buf
 COMMON         0x0000000080090d08     0x8090 kernel/mm/mybootmm.o
                0x0000000080090d08                bootmmmap
                0x0000000080098d08                bmm
 COMMON         0x0000000080098d98       0x78 kernel/mm/mybuddy.o
                0x0000000080098d98                buddy
 COMMON         0x0000000080098e10      0x390 kernel/mm/myslab.o
                0x0000000080098e10                kmalloc_caches
 COMMON         0x00000000800991a0     0x1004 kernel/pc/pid.o
                0x00000000800991a0                pid_map
 COMMON         0x000000008009a1a4       0x38 kernel/pc/sched.o
                0x000000008009a1a4                my_cfs_rq
 COMMON         0x000000008009a1dc      0x400 kernel/syscall/syscall.o
                0x000000008009a1dc                syscalls
 COMMON         0x000000008009a5dc     0x4150 usr/exec.o
                0x000000008009a5dc                file
 COMMON         0x000000008009e72c     0x1000 usr/myvi.o
                0x000000008009e72c                buffer
 COMMON         0x000000008009f72c       0x4c usr/ps.o
                0x000000008009f72c                lk
                0x000000008009f738                ps_buffer
                0x000000008009f778                . = ALIGN (0x4)
                0x000000008009f778                . = ALIGN (0x4)
                0x000000008009f778                _end = .
                [!provide]                        PROVIDE (__end, .)
                [!provide]                        PROVIDE (end, .)

.stab
 *(.stab)

.stabstr
 *(.stabstr)

.stab.excl
 *(.stab.excl)

.stab.exclstr
 *(.stab.exclstr)

.stab.index
 *(.stab.index)

.stab.indexstr
 *(.stab.indexstr)

.comment        0x0000000000000000       0x44
 *(.comment)
 .comment       0x0000000000000000       0x44 arch/mips32/arch.o
                                         0x45 (size before relaxing)
 .comment       0x0000000000000044       0x45 arch/mips32/exc.o
 .comment       0x0000000000000044       0x45 arch/mips32/intr.o
 .comment       0x0000000000000044       0x45 arch/mips32/page.o
 .comment       0x0000000000000044       0x45 kernel/driver/ps2.o
 .comment       0x0000000000000044       0x45 kernel/driver/sd.o
 .comment       0x0000000000000044       0x45 kernel/driver/vga.o
 .comment       0x0000000000000044       0x45 kernel/fs/fat/debug.o
 .comment       0x0000000000000044       0x45 kernel/fs/fat/dir.o
 .comment       0x0000000000000044       0x45 kernel/fs/fat/fat.o
 .comment       0x0000000000000044       0x45 kernel/fs/fat/usr.o
 .comment       0x0000000000000044       0x45 kernel/fs/fat/utils.o
 .comment       0x0000000000000044       0x45 kernel/fs/fscache/fscache.o
 .comment       0x0000000000000044       0x45 kernel/init.o
 .comment       0x0000000000000044       0x45 kernel/lock/lock.o
 .comment       0x0000000000000044       0x45 kernel/mm/mybootmm.o
 .comment       0x0000000000000044       0x45 kernel/mm/mybuddy.o
 .comment       0x0000000000000044       0x45 kernel/mm/myslab.o
 .comment       0x0000000000000044       0x45 kernel/pc/pid.o
 .comment       0x0000000000000044       0x45 kernel/pc/rbtree.o
 .comment       0x0000000000000044       0x45 kernel/pc/sched.o
 .comment       0x0000000000000044       0x45 kernel/pc/sched_fair.o
 .comment       0x0000000000000044       0x45 kernel/syscall/syscall.o
 .comment       0x0000000000000044       0x45 kernel/syscall/syscall4.o
 .comment       0x0000000000000044       0x45 kernel/time/time.o
 .comment       0x0000000000000044       0x45 kernel/vfs/ext2.o
 .comment       0x0000000000000044       0x45 kernel/vfs/fat32.o
 .comment       0x0000000000000044       0x45 kernel/vfs/mount.o
 .comment       0x0000000000000044       0x45 kernel/vfs/open.o
 .comment       0x0000000000000044       0x45 kernel/vfs/read_write.o
 .comment       0x0000000000000044       0x45 kernel/vfs/usr.o
 .comment       0x0000000000000044       0x45 kernel/vfs/utils.o
 .comment       0x0000000000000044       0x45 kernel/vfs/vfs.o
 .comment       0x0000000000000044       0x45 kernel/vfs/vfscache.o
 .comment       0x0000000000000044       0x45 kernel/vm/vm.o
 .comment       0x0000000000000044       0x45 utils/assert.o
 .comment       0x0000000000000044       0x45 utils/log.o
 .comment       0x0000000000000044       0x45 utils/utils.o
 .comment       0x0000000000000044       0x45 usr/exec.o
 .comment       0x0000000000000044       0x45 usr/ls.o
 .comment       0x0000000000000044       0x45 usr/myvi.o
 .comment       0x0000000000000044       0x45 usr/ps.o

.gnu.attributes
                0x0000000000000000       0x10
 .gnu.attributes
                0x0000000000000000       0x10 arch/mips32/start.o
 .gnu.attributes
                0x0000000000000010       0x10 arch/mips32/arch.o
 .gnu.attributes
                0x0000000000000020       0x10 arch/mips32/exc.o
 .gnu.attributes
                0x0000000000000030       0x10 arch/mips32/intr.o
 .gnu.attributes
                0x0000000000000040       0x10 arch/mips32/page.o
 .gnu.attributes
                0x0000000000000050       0x10 kernel/driver/ps2.o
 .gnu.attributes
                0x0000000000000060       0x10 kernel/driver/sd.o
 .gnu.attributes
                0x0000000000000070       0x10 kernel/driver/vga.o
 .gnu.attributes
                0x0000000000000080       0x10 kernel/fs/fat/debug.o
 .gnu.attributes
                0x0000000000000090       0x10 kernel/fs/fat/dir.o
 .gnu.attributes
                0x00000000000000a0       0x10 kernel/fs/fat/fat.o
 .gnu.attributes
                0x00000000000000b0       0x10 kernel/fs/fat/usr.o
 .gnu.attributes
                0x00000000000000c0       0x10 kernel/fs/fat/utils.o
 .gnu.attributes
                0x00000000000000d0       0x10 kernel/fs/fscache/fscache.o
 .gnu.attributes
                0x00000000000000e0       0x10 kernel/init.o
 .gnu.attributes
                0x00000000000000f0       0x10 kernel/lock/lock.o
 .gnu.attributes
                0x0000000000000100       0x10 kernel/mm/mybootmm.o
 .gnu.attributes
                0x0000000000000110       0x10 kernel/mm/mybuddy.o
 .gnu.attributes
                0x0000000000000120       0x10 kernel/mm/myslab.o
 .gnu.attributes
                0x0000000000000130       0x10 kernel/pc/pid.o
 .gnu.attributes
                0x0000000000000140       0x10 kernel/pc/rbtree.o
 .gnu.attributes
                0x0000000000000150       0x10 kernel/pc/sched.o
 .gnu.attributes
                0x0000000000000160       0x10 kernel/pc/sched_fair.o
 .gnu.attributes
                0x0000000000000170       0x10 kernel/pc/switch.o
 .gnu.attributes
                0x0000000000000180       0x10 kernel/syscall/syscall.o
 .gnu.attributes
                0x0000000000000190       0x10 kernel/syscall/syscall4.o
 .gnu.attributes
                0x00000000000001a0       0x10 kernel/time/time.o
 .gnu.attributes
                0x00000000000001b0       0x10 kernel/vfs/ext2.o
 .gnu.attributes
                0x00000000000001c0       0x10 kernel/vfs/fat32.o
 .gnu.attributes
                0x00000000000001d0       0x10 kernel/vfs/mount.o
 .gnu.attributes
                0x00000000000001e0       0x10 kernel/vfs/open.o
 .gnu.attributes
                0x00000000000001f0       0x10 kernel/vfs/read_write.o
 .gnu.attributes
                0x0000000000000200       0x10 kernel/vfs/usr.o
 .gnu.attributes
                0x0000000000000210       0x10 kernel/vfs/utils.o
 .gnu.attributes
                0x0000000000000220       0x10 kernel/vfs/vfs.o
 .gnu.attributes
                0x0000000000000230       0x10 kernel/vfs/vfscache.o
 .gnu.attributes
                0x0000000000000240       0x10 kernel/vm/tlb.o
 .gnu.attributes
                0x0000000000000250       0x10 kernel/vm/vm.o
 .gnu.attributes
                0x0000000000000260       0x10 utils/assert.o
 .gnu.attributes
                0x0000000000000270       0x10 utils/log.o
 .gnu.attributes
                0x0000000000000280       0x10 utils/utils.o
 .gnu.attributes
                0x0000000000000290       0x10 usr/exec.o
 .gnu.attributes
                0x00000000000002a0       0x10 usr/ls.o
 .gnu.attributes
                0x00000000000002b0       0x10 usr/myvi.o
 .gnu.attributes
                0x00000000000002c0       0x10 usr/ps.o

.mdebug.abi32   0x0000000000000000        0x0
 .mdebug.abi32  0x0000000000000000        0x0 arch/mips32/arch.o
 .mdebug.abi32  0x0000000000000000        0x0 arch/mips32/exc.o
 .mdebug.abi32  0x0000000000000000        0x0 arch/mips32/intr.o
 .mdebug.abi32  0x0000000000000000        0x0 arch/mips32/page.o
 .mdebug.abi32  0x0000000000000000        0x0 kernel/driver/ps2.o
 .mdebug.abi32  0x0000000000000000        0x0 kernel/driver/sd.o
 .mdebug.abi32  0x0000000000000000        0x0 kernel/driver/vga.o
 .mdebug.abi32  0x0000000000000000        0x0 kernel/fs/fat/debug.o
 .mdebug.abi32  0x0000000000000000        0x0 kernel/fs/fat/dir.o
 .mdebug.abi32  0x0000000000000000        0x0 kernel/fs/fat/fat.o
 .mdebug.abi32  0x0000000000000000        0x0 kernel/fs/fat/usr.o
 .mdebug.abi32  0x0000000000000000        0x0 kernel/fs/fat/utils.o
 .mdebug.abi32  0x0000000000000000        0x0 kernel/fs/fscache/fscache.o
 .mdebug.abi32  0x0000000000000000        0x0 kernel/init.o
 .mdebug.abi32  0x0000000000000000        0x0 kernel/lock/lock.o
 .mdebug.abi32  0x0000000000000000        0x0 kernel/mm/mybootmm.o
 .mdebug.abi32  0x0000000000000000        0x0 kernel/mm/mybuddy.o
 .mdebug.abi32  0x0000000000000000        0x0 kernel/mm/myslab.o
 .mdebug.abi32  0x0000000000000000        0x0 kernel/pc/pid.o
 .mdebug.abi32  0x0000000000000000        0x0 kernel/pc/rbtree.o
 .mdebug.abi32  0x0000000000000000        0x0 kernel/pc/sched.o
 .mdebug.abi32  0x0000000000000000        0x0 kernel/pc/sched_fair.o
 .mdebug.abi32  0x0000000000000000        0x0 kernel/syscall/syscall.o
 .mdebug.abi32  0x0000000000000000        0x0 kernel/syscall/syscall4.o
 .mdebug.abi32  0x0000000000000000        0x0 kernel/time/time.o
 .mdebug.abi32  0x0000000000000000        0x0 kernel/vfs/ext2.o
 .mdebug.abi32  0x0000000000000000        0x0 kernel/vfs/fat32.o
 .mdebug.abi32  0x0000000000000000        0x0 kernel/vfs/mount.o
 .mdebug.abi32  0x0000000000000000        0x0 kernel/vfs/open.o
 .mdebug.abi32  0x0000000000000000        0x0 kernel/vfs/read_write.o
 .mdebug.abi32  0x0000000000000000        0x0 kernel/vfs/usr.o
 .mdebug.abi32  0x0000000000000000        0x0 kernel/vfs/utils.o
 .mdebug.abi32  0x0000000000000000        0x0 kernel/vfs/vfs.o
 .mdebug.abi32  0x0000000000000000        0x0 kernel/vfs/vfscache.o
 .mdebug.abi32  0x0000000000000000        0x0 kernel/vm/vm.o
 .mdebug.abi32  0x0000000000000000        0x0 utils/assert.o
 .mdebug.abi32  0x0000000000000000        0x0 utils/log.o
 .mdebug.abi32  0x0000000000000000        0x0 utils/utils.o
 .mdebug.abi32  0x0000000000000000        0x0 usr/exec.o
 .mdebug.abi32  0x0000000000000000        0x0 usr/ls.o
 .mdebug.abi32  0x0000000000000000        0x0 usr/myvi.o
 .mdebug.abi32  0x0000000000000000        0x0 usr/ps.o

.debug
 *(.debug)

.line
 *(.line)

.debug_srcinfo
 *(.debug_srcinfo)

.debug_sfnames
 *(.debug_sfnames)

.debug_aranges
 *(.debug_aranges)

.debug_pubnames
 *(.debug_pubnames)

.debug_info
 *(.debug_info)

.debug_abbrev
 *(.debug_abbrev)

.debug_line
 *(.debug_line)

.debug_frame
 *(.debug_frame)

.debug_str
 *(.debug_str)

.debug_loc
 *(.debug_loc)

.debug_macinfo
 *(.debug_macinfo)

.debug_weaknames
 *(.debug_weaknames)

.debug_funcnames
 *(.debug_funcnames)

.debug_typenames
 *(.debug_typenames)

.debug_varnames
 *(.debug_varnames)

/DISCARD/
 *(.reginfo)

.gptab.sdata
 *(.gptab.data)
 *(.gptab.sdata)

.gptab.sbss
 *(.gptab.bss)
 *(.gptab.sbss)

.pdr            0x0000000000000000     0x3740
 *(.pdr)
 .pdr           0x0000000000000000        0x0 arch/mips32/start.o
 .pdr           0x0000000000000000       0x20 arch/mips32/arch.o
 .pdr           0x0000000000000020       0x80 arch/mips32/exc.o
 .pdr           0x00000000000000a0       0xa0 arch/mips32/intr.o
 .pdr           0x0000000000000140       0x20 arch/mips32/page.o
 .pdr           0x0000000000000160       0xe0 kernel/driver/ps2.o
 .pdr           0x0000000000000240       0xa0 kernel/driver/sd.o
 .pdr           0x00000000000002e0      0x160 kernel/driver/vga.o
 .pdr           0x0000000000000440        0x0 kernel/fs/fat/debug.o
 .pdr           0x0000000000000440       0x40 kernel/fs/fat/dir.o
 .pdr           0x0000000000000480      0x2a0 kernel/fs/fat/fat.o
 .pdr           0x0000000000000720       0x80 kernel/fs/fat/usr.o
 .pdr           0x00000000000007a0      0x120 kernel/fs/fat/utils.o
 .pdr           0x00000000000008c0      0x100 kernel/fs/fscache/fscache.o
 .pdr           0x00000000000009c0       0x40 kernel/init.o
 .pdr           0x0000000000000a00       0x80 kernel/lock/lock.o
 .pdr           0x0000000000000a80      0x140 kernel/mm/mybootmm.o
 .pdr           0x0000000000000bc0      0x1a0 kernel/mm/mybuddy.o
 .pdr           0x0000000000000d60      0x460 kernel/mm/myslab.o
 .pdr           0x00000000000011c0      0x2a0 kernel/pc/pid.o
 .pdr           0x0000000000001460      0x180 kernel/pc/rbtree.o
 .pdr           0x00000000000015e0      0x520 kernel/pc/sched.o
 .pdr           0x0000000000001b00      0x400 kernel/pc/sched_fair.o
 .pdr           0x0000000000001f00        0x0 kernel/pc/switch.o
 .pdr           0x0000000000001f00       0x60 kernel/syscall/syscall.o
 .pdr           0x0000000000001f60       0x20 kernel/syscall/syscall4.o
 .pdr           0x0000000000001f80       0x60 kernel/time/time.o
 .pdr           0x0000000000001fe0      0x220 kernel/vfs/ext2.o
 .pdr           0x0000000000002200      0x1e0 kernel/vfs/fat32.o
 .pdr           0x00000000000023e0       0xa0 kernel/vfs/mount.o
 .pdr           0x0000000000002480      0x240 kernel/vfs/open.o
 .pdr           0x00000000000026c0      0x100 kernel/vfs/read_write.o
 .pdr           0x00000000000027c0      0x140 kernel/vfs/usr.o
 .pdr           0x0000000000002900      0x140 kernel/vfs/utils.o
 .pdr           0x0000000000002a40       0x40 kernel/vfs/vfs.o
 .pdr           0x0000000000002a80      0x380 kernel/vfs/vfscache.o
 .pdr           0x0000000000002e00        0x0 kernel/vm/tlb.o
 .pdr           0x0000000000002e00      0x320 kernel/vm/vm.o
 .pdr           0x0000000000003120       0x20 utils/assert.o
 .pdr           0x0000000000003140       0xa0 utils/log.o
 .pdr           0x00000000000031e0      0x140 utils/utils.o
 .pdr           0x0000000000003320       0x20 usr/exec.o
 .pdr           0x0000000000003340       0x80 usr/ls.o
 .pdr           0x00000000000033c0      0x280 usr/myvi.o
 .pdr           0x0000000000003640      0x100 usr/ps.o
LOAD arch/mips32/start.o
LOAD arch/mips32/arch.o
LOAD arch/mips32/exc.o
LOAD arch/mips32/intr.o
LOAD arch/mips32/page.o
LOAD kernel/driver/ps2.o
LOAD kernel/driver/sd.o
LOAD kernel/driver/vga.o
LOAD kernel/fs/fat/debug.o
LOAD kernel/fs/fat/dir.o
LOAD kernel/fs/fat/fat.o
LOAD kernel/fs/fat/usr.o
LOAD kernel/fs/fat/utils.o
LOAD kernel/fs/fscache/fscache.o
LOAD kernel/init.o
LOAD kernel/lock/lock.o
LOAD kernel/mm/mybootmm.o
LOAD kernel/mm/mybuddy.o
LOAD kernel/mm/myslab.o
LOAD kernel/pc/pid.o
LOAD kernel/pc/rbtree.o
LOAD kernel/pc/sched.o
LOAD kernel/pc/sched_fair.o
LOAD kernel/pc/switch.o
LOAD kernel/syscall/syscall.o
LOAD kernel/syscall/syscall4.o
LOAD kernel/time/time.o
LOAD kernel/vfs/ext2.o
LOAD kernel/vfs/fat32.o
LOAD kernel/vfs/mount.o
LOAD kernel/vfs/open.o
LOAD kernel/vfs/read_write.o
LOAD kernel/vfs/usr.o
LOAD kernel/vfs/utils.o
LOAD kernel/vfs/vfs.o
LOAD kernel/vfs/vfscache.o
LOAD kernel/vm/tlb.o
LOAD kernel/vm/vm.o
LOAD utils/assert.o
LOAD utils/log.o
LOAD utils/utils.o
LOAD usr/exec.o
LOAD usr/ls.o
LOAD usr/myvi.o
LOAD usr/ps.o
OUTPUT(kernel.elf elf32-tradlittlemips)
